==648417== Memcheck, a memory error detector
==648417== Copyright (C) 2002-2017, and GNU GPL'd, by Julian Seward et al.
==648417== Using Valgrind-3.18.1-42b08ed5bd-20211015 and LibVEX; rerun with -h for copyright info
==648417== Command: ./minishell -c export\ TEST=hello;\ exit
==648417== Parent PID: 270393
==648417== 
--648417-- 
--648417-- Valgrind options:
--648417--    --leak-check=full
--648417--    --show-leak-kinds=all
--648417--    --track-origins=yes
--648417--    --verbose
--648417--    --log-file=vg.log
--648417-- Contents of /proc/version:
--648417--   Linux version 6.8.0-40-generic (buildd@lcy02-amd64-078) (x86_64-linux-gnu-gcc-12 (Ubuntu 12.3.0-1ubuntu1~22.04) 12.3.0, GNU ld (GNU Binutils for Ubuntu) 2.38) #40~22.04.3-Ubuntu SMP PREEMPT_DYNAMIC Tue Jul 30 17:30:19 UTC 2
--648417-- 
--648417-- Arch and hwcaps: AMD64, LittleEndian, amd64-cx16-lzcnt-rdtscp-sse3-ssse3-avx-avx2-bmi-f16c-rdrand-rdseed
--648417-- Page sizes: currently 4096, max supported 4096
--648417-- Valgrind library directory: /usr/libexec/valgrind
--648417-- Reading syms from /home/mobullad/Desktop/minihell/minishell
--648417-- Reading syms from /usr/lib/x86_64-linux-gnu/ld-linux-x86-64.so.2
--648417--   Considering /usr/lib/debug/.build-id/9c/b53985768bb99f138f48655f7b8bf7e420d13d.debug ..
--648417--   .. build-id is valid
--648417-- Reading syms from /usr/libexec/valgrind/memcheck-amd64-linux
--648417--    object doesn't have a symbol table
--648417--    object doesn't have a dynamic symbol table
--648417-- Scheduler: using generic scheduler lock implementation.
--648417-- Reading suppressions file: /usr/libexec/valgrind/default.supp
==648417== embedded gdbserver: reading from /tmp/vgdb-pipe-from-vgdb-to-648417-by-mobullad-on-???
==648417== embedded gdbserver: writing to   /tmp/vgdb-pipe-to-vgdb-from-648417-by-mobullad-on-???
==648417== embedded gdbserver: shared mem   /tmp/vgdb-pipe-shared-mem-vgdb-648417-by-mobullad-on-???
==648417== 
==648417== TO CONTROL THIS PROCESS USING vgdb (which you probably
==648417== don't want to do, unless you know exactly what you're doing,
==648417== or are doing some strange experiment):
==648417==   /usr/bin/vgdb --pid=648417 ...command...
==648417== 
==648417== TO DEBUG THIS PROCESS USING GDB: start GDB like this
==648417==   /path/to/gdb ./minishell
==648417== and then give GDB the following command
==648417==   target remote | /usr/bin/vgdb --pid=648417
==648417== --pid is optional if only one valgrind process is running
==648417== 
--648417-- REDIR: 0x402aa40 (ld-linux-x86-64.so.2:strlen) redirected to 0x580bcec2 (???)
--648417-- REDIR: 0x402a810 (ld-linux-x86-64.so.2:index) redirected to 0x580bcedc (???)
--648417-- Reading syms from /usr/libexec/valgrind/vgpreload_core-amd64-linux.so
--648417--    object doesn't have a symbol table
--648417-- Reading syms from /usr/libexec/valgrind/vgpreload_memcheck-amd64-linux.so
--648417--    object doesn't have a symbol table
==648417== WARNING: new redirection conflicts with existing -- ignoring it
--648417--     old: 0x0402aa40 (strlen              ) R-> (0000.0) 0x580bcec2 ???
--648417--     new: 0x0402aa40 (strlen              ) R-> (2007.0) 0x0484ee30 strlen
--648417-- REDIR: 0x4027220 (ld-linux-x86-64.so.2:strcmp) redirected to 0x484fcd0 (strcmp)
--648417-- REDIR: 0x402afa0 (ld-linux-x86-64.so.2:mempcpy) redirected to 0x4853840 (mempcpy)
--648417-- Reading syms from /usr/lib/x86_64-linux-gnu/libreadline.so.8.1
--648417--    object doesn't have a symbol table
--648417-- Reading syms from /usr/lib/x86_64-linux-gnu/libc.so.6
--648417--   Considering /usr/lib/debug/.build-id/d5/197096f709801829b118af1b7cf6631efa2dcd.debug ..
--648417--   .. build-id is valid
==648417== WARNING: new redirection conflicts with existing -- ignoring it
--648417--     old: 0x0496cc60 (memalign            ) R-> (1011.0) 0x0484e080 memalign
--648417--     new: 0x0496cc60 (memalign            ) R-> (1017.0) 0x0484e050 aligned_alloc
==648417== WARNING: new redirection conflicts with existing -- ignoring it
--648417--     old: 0x0496cc60 (memalign            ) R-> (1011.0) 0x0484e080 memalign
--648417--     new: 0x0496cc60 (memalign            ) R-> (1017.0) 0x0484e020 aligned_alloc
==648417== WARNING: new redirection conflicts with existing -- ignoring it
--648417--     old: 0x0496cc60 (memalign            ) R-> (1011.0) 0x0484e080 memalign
--648417--     new: 0x0496cc60 (memalign            ) R-> (1017.0) 0x0484e050 aligned_alloc
==648417== WARNING: new redirection conflicts with existing -- ignoring it
--648417--     old: 0x0496cc60 (memalign            ) R-> (1011.0) 0x0484e080 memalign
--648417--     new: 0x0496cc60 (memalign            ) R-> (1017.0) 0x0484e020 aligned_alloc
--648417-- Reading syms from /usr/lib/x86_64-linux-gnu/libtinfo.so.6.3
--648417--    object doesn't have a symbol table
--648417-- REDIR: 0x496f720 (libc.so.6:strnlen) redirected to 0x483f220 (_vgnU_ifunc_wrapper)
--648417-- REDIR: 0x496f9e0 (libc.so.6:strpbrk) redirected to 0x483f220 (_vgnU_ifunc_wrapper)
--648417-- REDIR: 0x496f2e0 (libc.so.6:strcmp) redirected to 0x483f220 (_vgnU_ifunc_wrapper)
--648417-- REDIR: 0x498dcd0 (libc.so.6:wcsnlen) redirected to 0x483f220 (_vgnU_ifunc_wrapper)
--648417-- REDIR: 0x49706d0 (libc.so.6:memset) redirected to 0x483f220 (_vgnU_ifunc_wrapper)
--648417-- REDIR: 0x498c540 (libc.so.6:wcslen) redirected to 0x483f220 (_vgnU_ifunc_wrapper)
--648417-- REDIR: 0x4970c10 (libc.so.6:memcpy@@GLIBC_2.14) redirected to 0x483f220 (_vgnU_ifunc_wrapper)
--648417-- REDIR: 0x498c370 (libc.so.6:wcschr) redirected to 0x483f220 (_vgnU_ifunc_wrapper)
--648417-- REDIR: 0x496f260 (libc.so.6:index) redirected to 0x483f220 (_vgnU_ifunc_wrapper)
--648417-- REDIR: 0x496f960 (libc.so.6:rindex) redirected to 0x483f220 (_vgnU_ifunc_wrapper)
--648417-- REDIR: 0x49705a0 (libc.so.6:memmove) redirected to 0x483f220 (_vgnU_ifunc_wrapper)
==648417== Preferring higher priority redirection:
--648417--     old: 0x04a677c0 (__memcpy_avx_unalign) R-> (2018.0) 0x04850f90 __memcpy_avx_unaligned_erms
--648417--     new: 0x04a677c0 (__memcpy_avx_unalign) R-> (2018.1) 0x04852880 memmove
--648417-- REDIR: 0x498c3f0 (libc.so.6:wcscmp) redirected to 0x483f220 (_vgnU_ifunc_wrapper)
--648417-- REDIR: 0x49709e0 (libc.so.6:stpncpy) redirected to 0x483f220 (_vgnU_ifunc_wrapper)
--648417-- REDIR: 0x498c9b0 (libc.so.6:wmemchr) redirected to 0x483f220 (_vgnU_ifunc_wrapper)
--648417-- REDIR: 0x496f830 (libc.so.6:strncmp) redirected to 0x483f220 (_vgnU_ifunc_wrapper)
--648417-- REDIR: 0x4970a70 (libc.so.6:strcasecmp) redirected to 0x483f220 (_vgnU_ifunc_wrapper)
--648417-- REDIR: 0x496f420 (libc.so.6:strcspn) redirected to 0x483f220 (_vgnU_ifunc_wrapper)
--648417-- REDIR: 0x498c470 (libc.so.6:wcscpy) redirected to 0x483f220 (_vgnU_ifunc_wrapper)
--648417-- REDIR: 0x496f1d0 (libc.so.6:strcat) redirected to 0x483f220 (_vgnU_ifunc_wrapper)
--648417-- REDIR: 0x4970b60 (libc.so.6:strncasecmp_l) redirected to 0x483f220 (_vgnU_ifunc_wrapper)
--648417-- REDIR: 0x4970480 (libc.so.6:bcmp) redirected to 0x483f220 (_vgnU_ifunc_wrapper)
--648417-- REDIR: 0x4978570 (libc.so.6:memrchr) redirected to 0x483f220 (_vgnU_ifunc_wrapper)
--648417-- REDIR: 0x4972010 (libc.so.6:strchrnul) redirected to 0x483f220 (_vgnU_ifunc_wrapper)
--648417-- REDIR: 0x496f390 (libc.so.6:strcpy) redirected to 0x483f220 (_vgnU_ifunc_wrapper)
--648417-- REDIR: 0x4970b10 (libc.so.6:strcasecmp_l) redirected to 0x483f220 (_vgnU_ifunc_wrapper)
--648417-- REDIR: 0x496f6a0 (libc.so.6:strlen) redirected to 0x483f220 (_vgnU_ifunc_wrapper)
--648417-- REDIR: 0x496f8d0 (libc.so.6:strncpy) redirected to 0x483f220 (_vgnU_ifunc_wrapper)
--648417-- REDIR: 0x4970950 (libc.so.6:stpcpy) redirected to 0x483f220 (_vgnU_ifunc_wrapper)
--648417-- REDIR: 0x49703f0 (libc.so.6:memchr) redirected to 0x483f220 (_vgnU_ifunc_wrapper)
--648417-- REDIR: 0x496fb00 (libc.so.6:strspn) redirected to 0x483f220 (_vgnU_ifunc_wrapper)
--648417-- REDIR: 0x49707d0 (libc.so.6:mempcpy) redirected to 0x483f220 (_vgnU_ifunc_wrapper)
--648417-- REDIR: 0x4970ac0 (libc.so.6:strncasecmp) redirected to 0x483f220 (_vgnU_ifunc_wrapper)
--648417-- REDIR: 0x4971f80 (libc.so.6:rawmemchr) redirected to 0x483f220 (_vgnU_ifunc_wrapper)
--648417-- REDIR: 0x496f7a0 (libc.so.6:strncat) redirected to 0x483f220 (_vgnU_ifunc_wrapper)
--648417-- REDIR: 0x49fb280 (libc.so.6:__memcpy_chk) redirected to 0x483f220 (_vgnU_ifunc_wrapper)
--648417-- REDIR: 0x4970310 (libc.so.6:strstr) redirected to 0x483f220 (_vgnU_ifunc_wrapper)
--648417-- REDIR: 0x4a64610 (libc.so.6:__strrchr_avx2) redirected to 0x484e810 (rindex)
--648417-- REDIR: 0x496c0a0 (libc.so.6:malloc) redirected to 0x4848820 (malloc)
--648417-- REDIR: 0x496c3e0 (libc.so.6:free) redirected to 0x484b210 (free)
--648417-- REDIR: 0x496c740 (libc.so.6:realloc) redirected to 0x484dc50 (realloc)
--648417-- REDIR: 0x4a647e0 (libc.so.6:__strlen_avx2) redirected to 0x484ed10 (strlen)
--648417-- REDIR: 0x4a677c0 (libc.so.6:__memcpy_avx_unaligned_erms) redirected to 0x4852880 (memmove)
--648417-- REDIR: 0x4a64400 (libc.so.6:__strchrnul_avx2) redirected to 0x4853330 (strchrnul)
--648417-- REDIR: 0x490c150 (libc.so.6:setenv) redirected to 0x48542d0 (setenv)
--648417-- REDIR: 0x4a64180 (libc.so.6:__strchr_avx2) redirected to 0x484e9f0 (index)
--648417-- REDIR: 0x4a5fd80 (libc.so.6:__strncmp_avx2) redirected to 0x484f3e0 (strncmp)
--648417-- REDIR: 0x4a67780 (libc.so.6:__mempcpy_avx_unaligned_erms) redirected to 0x4853440 (mempcpy)
--648417-- REDIR: 0x4a5f940 (libc.so.6:__strcmp_avx2) redirected to 0x484fbd0 (strcmp)
--648417-- REDIR: 0x496d520 (libc.so.6:calloc) redirected to 0x484d9d0 (calloc)
--648417-- REDIR: 0x4a64960 (libc.so.6:__strnlen_avx2) redirected to 0x484ecb0 (strnlen)
--648417-- REDIR: 0x4a65cb0 (libc.so.6:__strcpy_avx2) redirected to 0x484ee60 (strcpy)
--648417-- REDIR: 0x496ffc0 (libc.so.6:__GI_strstr) redirected to 0x4853ae0 (__strstr_sse2)
--648417-- REDIR: 0x4a67790 (libc.so.6:__memcpy_chk_avx_unaligned_erms) redirected to 0x4853940 (__memcpy_chk)
--648417-- REDIR: 0x4a67f80 (libc.so.6:__memset_avx2_unaligned_erms) redirected to 0x4852770 (memset)
--648417-- REDIR: 0x4a66040 (libc.so.6:__strncpy_avx2) redirected to 0x484efe0 (strncpy)
--648417-- REDIR: 0x4a602c0 (libc.so.6:__memchr_avx2) redirected to 0x484fd50 (memchr)
--648417-- REDIR: 0x4a669a0 (libc.so.6:__stpcpy_avx2) redirected to 0x4852130 (stpcpy)
--648417-- REDIR: 0x4a61130 (libc.so.6:__strcasecmp_avx) redirected to 0x484f560 (strcasecmp)
--648417-- REDIR: 0x4a627b0 (libc.so.6:__strncasecmp_avx) redirected to 0x484f640 (strncasecmp)
--648417-- REDIR: 0x4a60a80 (libc.so.6:__memcmp_avx2_movbe) redirected to 0x4852010 (bcmp)
==648417== 
==648417== Process terminating with default action of signal 1 (SIGHUP)
==648417==    at 0x490975B: kill (syscall-template.S:120)
==648417==    by 0x48A6F39: _rl_signal_handler (in /usr/lib/x86_64-linux-gnu/libreadline.so.8.1)
==648417==    by 0x48A742E: rl_read_key (in /usr/lib/x86_64-linux-gnu/libreadline.so.8.1)
==648417==    by 0x488BC86: readline_internal_char (in /usr/lib/x86_64-linux-gnu/libreadline.so.8.1)
==648417==    by 0x4894D14: readline (in /usr/lib/x86_64-linux-gnu/libreadline.so.8.1)
==648417==    by 0x401579: main (main.c:79)
==648417== 
==648417== HEAP SUMMARY:
==648417==     in use at exit: 217,581 bytes in 517 blocks
==648417==   total heap usage: 882 allocs, 365 frees, 241,026 bytes allocated
==648417== 
==648417== Searching for pointers to 517 not-freed blocks
==648417== Checked 259,696 bytes
==648417== 
==648417== 2 bytes in 1 blocks are still reachable in loss record 1 of 81
==648417==    at 0x4848899: malloc (in /usr/libexec/valgrind/vgpreload_memcheck-amd64-linux.so)
==648417==    by 0x409658: ft_strdup (in /home/mobullad/Desktop/minihell/minishell)
==648417==    by 0x402C28: add_env_var (env_utils.c:63)
==648417==    by 0x402979: init_data (utils.c:38)
==648417==    by 0x401525: main (main.c:69)
==648417== 
==648417== 8 bytes in 1 blocks are still reachable in loss record 2 of 81
==648417==    at 0x4848899: malloc (in /usr/libexec/valgrind/vgpreload_memcheck-amd64-linux.so)
==648417==    by 0x48AD4A7: xrealloc (in /usr/lib/x86_64-linux-gnu/libreadline.so.8.1)
==648417==    by 0x48997F6: ??? (in /usr/lib/x86_64-linux-gnu/libreadline.so.8.1)
==648417==    by 0x4899E0D: rl_expand_prompt (in /usr/lib/x86_64-linux-gnu/libreadline.so.8.1)
==648417==    by 0x48891BF: rl_set_prompt (in /usr/lib/x86_64-linux-gnu/libreadline.so.8.1)
==648417==    by 0x4894CCF: readline (in /usr/lib/x86_64-linux-gnu/libreadline.so.8.1)
==648417==    by 0x401579: main (main.c:79)
==648417== 
==648417== 8 bytes in 1 blocks are still reachable in loss record 3 of 81
==648417==    at 0x4848899: malloc (in /usr/libexec/valgrind/vgpreload_memcheck-amd64-linux.so)
==648417==    by 0x496F58E: strdup (strdup.c:42)
==648417==    by 0x4B0DD17: _nc_trim_sgr0 (in /usr/lib/x86_64-linux-gnu/libtinfo.so.6.3)
==648417==    by 0x4B0C6A8: tgetent_sp (in /usr/lib/x86_64-linux-gnu/libtinfo.so.6.3)
==648417==    by 0x48A81CD: _rl_init_terminal_io (in /usr/lib/x86_64-linux-gnu/libreadline.so.8.1)
==648417==    by 0x4894A0F: rl_initialize (in /usr/lib/x86_64-linux-gnu/libreadline.so.8.1)
==648417==    by 0x4894CD4: readline (in /usr/lib/x86_64-linux-gnu/libreadline.so.8.1)
==648417==    by 0x401579: main (main.c:79)
==648417== 
==648417== 9 bytes in 1 blocks are still reachable in loss record 4 of 81
==648417==    at 0x4848899: malloc (in /usr/libexec/valgrind/vgpreload_memcheck-amd64-linux.so)
==648417==    by 0x490C03F: __add_to_environ (setenv.c:217)
==648417==    by 0x48543FF: setenv (in /usr/libexec/valgrind/vgpreload_memcheck-amd64-linux.so)
==648417==    by 0x48AC005: sh_set_lines_and_columns (in /usr/lib/x86_64-linux-gnu/libreadline.so.8.1)
==648417==    by 0x48A6AF7: _rl_get_screen_size (in /usr/lib/x86_64-linux-gnu/libreadline.so.8.1)
==648417==    by 0x4899AB8: ??? (in /usr/lib/x86_64-linux-gnu/libreadline.so.8.1)
==648417==    by 0x4899E0D: rl_expand_prompt (in /usr/lib/x86_64-linux-gnu/libreadline.so.8.1)
==648417==    by 0x48891BF: rl_set_prompt (in /usr/lib/x86_64-linux-gnu/libreadline.so.8.1)
==648417==    by 0x4894CCF: readline (in /usr/lib/x86_64-linux-gnu/libreadline.so.8.1)
==648417==    by 0x401579: main (main.c:79)
==648417== 
==648417== 12 bytes in 1 blocks are still reachable in loss record 5 of 81
==648417==    at 0x4848899: malloc (in /usr/libexec/valgrind/vgpreload_memcheck-amd64-linux.so)
==648417==    by 0x490C03F: __add_to_environ (setenv.c:217)
==648417==    by 0x48543FF: setenv (in /usr/libexec/valgrind/vgpreload_memcheck-amd64-linux.so)
==648417==    by 0x48A6AF7: _rl_get_screen_size (in /usr/lib/x86_64-linux-gnu/libreadline.so.8.1)
==648417==    by 0x4899AB8: ??? (in /usr/lib/x86_64-linux-gnu/libreadline.so.8.1)
==648417==    by 0x4899E0D: rl_expand_prompt (in /usr/lib/x86_64-linux-gnu/libreadline.so.8.1)
==648417==    by 0x48891BF: rl_set_prompt (in /usr/lib/x86_64-linux-gnu/libreadline.so.8.1)
==648417==    by 0x4894CCF: readline (in /usr/lib/x86_64-linux-gnu/libreadline.so.8.1)
==648417==    by 0x401579: main (main.c:79)
==648417== 
==648417== 12 bytes in 1 blocks are still reachable in loss record 6 of 81
==648417==    at 0x4848899: malloc (in /usr/libexec/valgrind/vgpreload_memcheck-amd64-linux.so)
==648417==    by 0x496F58E: strdup (strdup.c:42)
==648417==    by 0x48FF31A: _nl_load_locale_from_archive (loadarchive.c:464)
==648417==    by 0x48FE0DF: _nl_find_locale (findlocale.c:152)
==648417==    by 0x48FDA90: setlocale (setlocale.c:414)
==648417==    by 0x48FDA90: setlocale (setlocale.c:217)
==648417==    by 0x48A6C45: _rl_init_locale (in /usr/lib/x86_64-linux-gnu/libreadline.so.8.1)
==648417==    by 0x48A6D2C: _rl_init_eightbit (in /usr/lib/x86_64-linux-gnu/libreadline.so.8.1)
==648417==    by 0x4894A31: rl_initialize (in /usr/lib/x86_64-linux-gnu/libreadline.so.8.1)
==648417==    by 0x4894CD4: readline (in /usr/lib/x86_64-linux-gnu/libreadline.so.8.1)
==648417==    by 0x401579: main (main.c:79)
==648417== 
==648417== 12 bytes in 1 blocks are still reachable in loss record 7 of 81
==648417==    at 0x4848899: malloc (in /usr/libexec/valgrind/vgpreload_memcheck-amd64-linux.so)
==648417==    by 0x496F58E: strdup (strdup.c:42)
==648417==    by 0x48FDACA: setlocale (setlocale.c:431)
==648417==    by 0x48FDACA: setlocale (setlocale.c:217)
==648417==    by 0x48A6C45: _rl_init_locale (in /usr/lib/x86_64-linux-gnu/libreadline.so.8.1)
==648417==    by 0x48A6D2C: _rl_init_eightbit (in /usr/lib/x86_64-linux-gnu/libreadline.so.8.1)
==648417==    by 0x4894A31: rl_initialize (in /usr/lib/x86_64-linux-gnu/libreadline.so.8.1)
==648417==    by 0x4894CD4: readline (in /usr/lib/x86_64-linux-gnu/libreadline.so.8.1)
==648417==    by 0x401579: main (main.c:79)
==648417== 
==648417== 13 bytes in 1 blocks are still reachable in loss record 8 of 81
==648417==    at 0x4848899: malloc (in /usr/libexec/valgrind/vgpreload_memcheck-amd64-linux.so)
==648417==    by 0x48ACBAC: xmalloc (in /usr/lib/x86_64-linux-gnu/libreadline.so.8.1)
==648417==    by 0x489ABF5: ??? (in /usr/lib/x86_64-linux-gnu/libreadline.so.8.1)
==648417==    by 0x4894A38: rl_initialize (in /usr/lib/x86_64-linux-gnu/libreadline.so.8.1)
==648417==    by 0x4894CD4: readline (in /usr/lib/x86_64-linux-gnu/libreadline.so.8.1)
==648417==    by 0x401579: main (main.c:79)
==648417== 
==648417== 14 bytes in 1 blocks are still reachable in loss record 9 of 81
==648417==    at 0x484DCD3: realloc (in /usr/libexec/valgrind/vgpreload_memcheck-amd64-linux.so)
==648417==    by 0x4B006CC: _nc_doalloc (in /usr/lib/x86_64-linux-gnu/libtinfo.so.6.3)
==648417==    by 0x4B07272: _nc_tiparm (in /usr/lib/x86_64-linux-gnu/libtinfo.so.6.3)
==648417==    by 0x4B0DC7D: ??? (in /usr/lib/x86_64-linux-gnu/libtinfo.so.6.3)
==648417==    by 0x4B0DD09: _nc_trim_sgr0 (in /usr/lib/x86_64-linux-gnu/libtinfo.so.6.3)
==648417==    by 0x4B0C6A8: tgetent_sp (in /usr/lib/x86_64-linux-gnu/libtinfo.so.6.3)
==648417==    by 0x48A81CD: _rl_init_terminal_io (in /usr/lib/x86_64-linux-gnu/libreadline.so.8.1)
==648417==    by 0x4894A0F: rl_initialize (in /usr/lib/x86_64-linux-gnu/libreadline.so.8.1)
==648417==    by 0x4894CD4: readline (in /usr/lib/x86_64-linux-gnu/libreadline.so.8.1)
==648417==    by 0x401579: main (main.c:79)
==648417== 
==648417== 15 bytes in 1 blocks are still reachable in loss record 10 of 81
==648417==    at 0x4848899: malloc (in /usr/libexec/valgrind/vgpreload_memcheck-amd64-linux.so)
==648417==    by 0x496F58E: strdup (strdup.c:42)
==648417==    by 0x4AFF377: ??? (in /usr/lib/x86_64-linux-gnu/libtinfo.so.6.3)
==648417==    by 0x4B01BF8: _nc_first_db (in /usr/lib/x86_64-linux-gnu/libtinfo.so.6.3)
==648417==    by 0x4B0B696: _nc_read_entry2 (in /usr/lib/x86_64-linux-gnu/libtinfo.so.6.3)
==648417==    by 0x4B0B711: ??? (in /usr/lib/x86_64-linux-gnu/libtinfo.so.6.3)
==648417==    by 0x4B0B866: _nc_setupterm (in /usr/lib/x86_64-linux-gnu/libtinfo.so.6.3)
==648417==    by 0x4B0C4C9: tgetent_sp (in /usr/lib/x86_64-linux-gnu/libtinfo.so.6.3)
==648417==    by 0x48A81CD: _rl_init_terminal_io (in /usr/lib/x86_64-linux-gnu/libreadline.so.8.1)
==648417==    by 0x4894A0F: rl_initialize (in /usr/lib/x86_64-linux-gnu/libreadline.so.8.1)
==648417==    by 0x4894CD4: readline (in /usr/lib/x86_64-linux-gnu/libreadline.so.8.1)
==648417==    by 0x401579: main (main.c:79)
==648417== 
==648417== 15 bytes in 1 blocks are still reachable in loss record 11 of 81
==648417==    at 0x4848899: malloc (in /usr/libexec/valgrind/vgpreload_memcheck-amd64-linux.so)
==648417==    by 0x496F58E: strdup (strdup.c:42)
==648417==    by 0x4B0B8AE: _nc_setupterm (in /usr/lib/x86_64-linux-gnu/libtinfo.so.6.3)
==648417==    by 0x4B0C4C9: tgetent_sp (in /usr/lib/x86_64-linux-gnu/libtinfo.so.6.3)
==648417==    by 0x48A81CD: _rl_init_terminal_io (in /usr/lib/x86_64-linux-gnu/libreadline.so.8.1)
==648417==    by 0x4894A0F: rl_initialize (in /usr/lib/x86_64-linux-gnu/libreadline.so.8.1)
==648417==    by 0x4894CD4: readline (in /usr/lib/x86_64-linux-gnu/libreadline.so.8.1)
==648417==    by 0x401579: main (main.c:79)
==648417== 
==648417== 16 bytes in 1 blocks are still reachable in loss record 12 of 81
==648417==    at 0x4848899: malloc (in /usr/libexec/valgrind/vgpreload_memcheck-amd64-linux.so)
==648417==    by 0x4894B26: rl_initialize (in /usr/lib/x86_64-linux-gnu/libreadline.so.8.1)
==648417==    by 0x4894CD4: readline (in /usr/lib/x86_64-linux-gnu/libreadline.so.8.1)
==648417==    by 0x401579: main (main.c:79)
==648417== 
==648417== 20 bytes in 1 blocks are still reachable in loss record 13 of 81
==648417==    at 0x4848899: malloc (in /usr/libexec/valgrind/vgpreload_memcheck-amd64-linux.so)
==648417==    by 0x48ACBAC: xmalloc (in /usr/lib/x86_64-linux-gnu/libreadline.so.8.1)
==648417==    by 0x4897D8B: ??? (in /usr/lib/x86_64-linux-gnu/libreadline.so.8.1)
==648417==    by 0x489A6C9: rl_parse_and_bind (in /usr/lib/x86_64-linux-gnu/libreadline.so.8.1)
==648417==    by 0x489AB6C: ??? (in /usr/lib/x86_64-linux-gnu/libreadline.so.8.1)
==648417==    by 0x4894A38: rl_initialize (in /usr/lib/x86_64-linux-gnu/libreadline.so.8.1)
==648417==    by 0x4894CD4: readline (in /usr/lib/x86_64-linux-gnu/libreadline.so.8.1)
==648417==    by 0x401579: main (main.c:79)
==648417== 
==648417== 24 bytes in 1 blocks are still reachable in loss record 14 of 81
==648417==    at 0x4848899: malloc (in /usr/libexec/valgrind/vgpreload_memcheck-amd64-linux.so)
==648417==    by 0x49E6F34: tsearch (tsearch.c:337)
==648417==    by 0x490C06A: __add_to_environ (setenv.c:233)
==648417==    by 0x48543FF: setenv (in /usr/libexec/valgrind/vgpreload_memcheck-amd64-linux.so)
==648417==    by 0x48AC005: sh_set_lines_and_columns (in /usr/lib/x86_64-linux-gnu/libreadline.so.8.1)
==648417==    by 0x48A6AF7: _rl_get_screen_size (in /usr/lib/x86_64-linux-gnu/libreadline.so.8.1)
==648417==    by 0x4899AB8: ??? (in /usr/lib/x86_64-linux-gnu/libreadline.so.8.1)
==648417==    by 0x4899E0D: rl_expand_prompt (in /usr/lib/x86_64-linux-gnu/libreadline.so.8.1)
==648417==    by 0x48891BF: rl_set_prompt (in /usr/lib/x86_64-linux-gnu/libreadline.so.8.1)
==648417==    by 0x4894CCF: readline (in /usr/lib/x86_64-linux-gnu/libreadline.so.8.1)
==648417==    by 0x401579: main (main.c:79)
==648417== 
==648417== 24 bytes in 1 blocks are still reachable in loss record 15 of 81
==648417==    at 0x4848899: malloc (in /usr/libexec/valgrind/vgpreload_memcheck-amd64-linux.so)
==648417==    by 0x49E6F9E: tsearch (tsearch.c:337)
==648417==    by 0x490C06A: __add_to_environ (setenv.c:233)
==648417==    by 0x48543FF: setenv (in /usr/libexec/valgrind/vgpreload_memcheck-amd64-linux.so)
==648417==    by 0x48A6AF7: _rl_get_screen_size (in /usr/lib/x86_64-linux-gnu/libreadline.so.8.1)
==648417==    by 0x4899AB8: ??? (in /usr/lib/x86_64-linux-gnu/libreadline.so.8.1)
==648417==    by 0x4899E0D: rl_expand_prompt (in /usr/lib/x86_64-linux-gnu/libreadline.so.8.1)
==648417==    by 0x48891BF: rl_set_prompt (in /usr/lib/x86_64-linux-gnu/libreadline.so.8.1)
==648417==    by 0x4894CCF: readline (in /usr/lib/x86_64-linux-gnu/libreadline.so.8.1)
==648417==    by 0x401579: main (main.c:79)
==648417== 
==648417== 24 bytes in 1 blocks are still reachable in loss record 16 of 81
==648417==    at 0x4848899: malloc (in /usr/libexec/valgrind/vgpreload_memcheck-amd64-linux.so)
==648417==    by 0x49E6F34: tsearch (tsearch.c:337)
==648417==    by 0x4B03D6E: ??? (in /usr/lib/x86_64-linux-gnu/libtinfo.so.6.3)
==648417==    by 0x4B07098: _nc_tiparm (in /usr/lib/x86_64-linux-gnu/libtinfo.so.6.3)
==648417==    by 0x4B0DC7D: ??? (in /usr/lib/x86_64-linux-gnu/libtinfo.so.6.3)
==648417==    by 0x4B0DD09: _nc_trim_sgr0 (in /usr/lib/x86_64-linux-gnu/libtinfo.so.6.3)
==648417==    by 0x4B0C6A8: tgetent_sp (in /usr/lib/x86_64-linux-gnu/libtinfo.so.6.3)
==648417==    by 0x48A81CD: _rl_init_terminal_io (in /usr/lib/x86_64-linux-gnu/libreadline.so.8.1)
==648417==    by 0x4894A0F: rl_initialize (in /usr/lib/x86_64-linux-gnu/libreadline.so.8.1)
==648417==    by 0x4894CD4: readline (in /usr/lib/x86_64-linux-gnu/libreadline.so.8.1)
==648417==    by 0x401579: main (main.c:79)
==648417== 
==648417== 27 bytes in 1 blocks are still reachable in loss record 17 of 81
==648417==    at 0x4848899: malloc (in /usr/libexec/valgrind/vgpreload_memcheck-amd64-linux.so)
==648417==    by 0x4B01624: _nc_home_terminfo (in /usr/lib/x86_64-linux-gnu/libtinfo.so.6.3)
==648417==    by 0x4B01BE2: _nc_first_db (in /usr/lib/x86_64-linux-gnu/libtinfo.so.6.3)
==648417==    by 0x4B0B696: _nc_read_entry2 (in /usr/lib/x86_64-linux-gnu/libtinfo.so.6.3)
==648417==    by 0x4B0B711: ??? (in /usr/lib/x86_64-linux-gnu/libtinfo.so.6.3)
==648417==    by 0x4B0B866: _nc_setupterm (in /usr/lib/x86_64-linux-gnu/libtinfo.so.6.3)
==648417==    by 0x4B0C4C9: tgetent_sp (in /usr/lib/x86_64-linux-gnu/libtinfo.so.6.3)
==648417==    by 0x48A81CD: _rl_init_terminal_io (in /usr/lib/x86_64-linux-gnu/libreadline.so.8.1)
==648417==    by 0x4894A0F: rl_initialize (in /usr/lib/x86_64-linux-gnu/libreadline.so.8.1)
==648417==    by 0x4894CD4: readline (in /usr/lib/x86_64-linux-gnu/libreadline.so.8.1)
==648417==    by 0x401579: main (main.c:79)
==648417== 
==648417== 32 bytes in 1 blocks are still reachable in loss record 18 of 81
==648417==    at 0x484DA83: calloc (in /usr/libexec/valgrind/vgpreload_memcheck-amd64-linux.so)
==648417==    by 0x4999C1F: __wcsmbs_load_conv (wcsmbsload.c:167)
==648417==    by 0x498D16E: get_gconv_fcts (wcsmbsload.h:73)
==648417==    by 0x498D16E: mbrtowc (mbrtowc.c:69)
==648417==    by 0x489C2D7: ??? (in /usr/lib/x86_64-linux-gnu/libreadline.so.8.1)
==648417==    by 0x489ECE1: rl_redisplay (in /usr/lib/x86_64-linux-gnu/libreadline.so.8.1)
==648417==    by 0x488A458: readline_internal_setup (in /usr/lib/x86_64-linux-gnu/libreadline.so.8.1)
==648417==    by 0x4894CF8: readline (in /usr/lib/x86_64-linux-gnu/libreadline.so.8.1)
==648417==    by 0x401579: main (main.c:79)
==648417== 
==648417== 34 bytes in 1 blocks are still reachable in loss record 19 of 81
==648417==    at 0x4848899: malloc (in /usr/libexec/valgrind/vgpreload_memcheck-amd64-linux.so)
==648417==    by 0x40986A: ft_strjoin (in /home/mobullad/Desktop/minihell/minishell)
==648417==    by 0x40133E: get_prompt (main.c:27)
==648417==    by 0x401570: main (main.c:78)
==648417== 
==648417== 34 bytes in 1 blocks are still reachable in loss record 20 of 81
==648417==    at 0x4848899: malloc (in /usr/libexec/valgrind/vgpreload_memcheck-amd64-linux.so)
==648417==    by 0x48ACBAC: xmalloc (in /usr/lib/x86_64-linux-gnu/libreadline.so.8.1)
==648417==    by 0x48891E3: rl_set_prompt (in /usr/lib/x86_64-linux-gnu/libreadline.so.8.1)
==648417==    by 0x4894CCF: readline (in /usr/lib/x86_64-linux-gnu/libreadline.so.8.1)
==648417==    by 0x401579: main (main.c:79)
==648417== 
==648417== 34 bytes in 1 blocks are still reachable in loss record 21 of 81
==648417==    at 0x4848899: malloc (in /usr/libexec/valgrind/vgpreload_memcheck-amd64-linux.so)
==648417==    by 0x48ACBAC: xmalloc (in /usr/lib/x86_64-linux-gnu/libreadline.so.8.1)
==648417==    by 0x4899C7F: ??? (in /usr/lib/x86_64-linux-gnu/libreadline.so.8.1)
==648417==    by 0x4899E0D: rl_expand_prompt (in /usr/lib/x86_64-linux-gnu/libreadline.so.8.1)
==648417==    by 0x48891BF: rl_set_prompt (in /usr/lib/x86_64-linux-gnu/libreadline.so.8.1)
==648417==    by 0x4894CCF: readline (in /usr/lib/x86_64-linux-gnu/libreadline.so.8.1)
==648417==    by 0x401579: main (main.c:79)
==648417== 
==648417== 46 bytes in 1 blocks are still reachable in loss record 22 of 81
==648417==    at 0x484DCD3: realloc (in /usr/libexec/valgrind/vgpreload_memcheck-amd64-linux.so)
==648417==    by 0x4B006CC: _nc_doalloc (in /usr/lib/x86_64-linux-gnu/libtinfo.so.6.3)
==648417==    by 0x4B0B16F: _nc_read_termtype (in /usr/lib/x86_64-linux-gnu/libtinfo.so.6.3)
==648417==    by 0x4B0B52A: ??? (in /usr/lib/x86_64-linux-gnu/libtinfo.so.6.3)
==648417==    by 0x4B0DC40: ??? (in /usr/lib/x86_64-linux-gnu/libtinfo.so.6.3)
==648417==    by 0x4B0B6BB: _nc_read_entry2 (in /usr/lib/x86_64-linux-gnu/libtinfo.so.6.3)
==648417==    by 0x4B0B711: ??? (in /usr/lib/x86_64-linux-gnu/libtinfo.so.6.3)
==648417==    by 0x4B0B866: _nc_setupterm (in /usr/lib/x86_64-linux-gnu/libtinfo.so.6.3)
==648417==    by 0x4B0C4C9: tgetent_sp (in /usr/lib/x86_64-linux-gnu/libtinfo.so.6.3)
==648417==    by 0x48A81CD: _rl_init_terminal_io (in /usr/lib/x86_64-linux-gnu/libreadline.so.8.1)
==648417==    by 0x4894A0F: rl_initialize (in /usr/lib/x86_64-linux-gnu/libreadline.so.8.1)
==648417==    by 0x4894CD4: readline (in /usr/lib/x86_64-linux-gnu/libreadline.so.8.1)
==648417== 
==648417== 46 bytes in 1 blocks are still reachable in loss record 23 of 81
==648417==    at 0x4848899: malloc (in /usr/libexec/valgrind/vgpreload_memcheck-amd64-linux.so)
==648417==    by 0x4AFFFDE: ??? (in /usr/lib/x86_64-linux-gnu/libtinfo.so.6.3)
==648417==    by 0x4B0B87D: _nc_setupterm (in /usr/lib/x86_64-linux-gnu/libtinfo.so.6.3)
==648417==    by 0x4B0C4C9: tgetent_sp (in /usr/lib/x86_64-linux-gnu/libtinfo.so.6.3)
==648417==    by 0x48A81CD: _rl_init_terminal_io (in /usr/lib/x86_64-linux-gnu/libreadline.so.8.1)
==648417==    by 0x4894A0F: rl_initialize (in /usr/lib/x86_64-linux-gnu/libreadline.so.8.1)
==648417==    by 0x4894CD4: readline (in /usr/lib/x86_64-linux-gnu/libreadline.so.8.1)
==648417==    by 0x401579: main (main.c:79)
==648417== 
==648417== 48 bytes in 1 blocks are still reachable in loss record 24 of 81
==648417==    at 0x484DA83: calloc (in /usr/libexec/valgrind/vgpreload_memcheck-amd64-linux.so)
==648417==    by 0x4B01833: _nc_first_db (in /usr/lib/x86_64-linux-gnu/libtinfo.so.6.3)
==648417==    by 0x4B0B696: _nc_read_entry2 (in /usr/lib/x86_64-linux-gnu/libtinfo.so.6.3)
==648417==    by 0x4B0B711: ??? (in /usr/lib/x86_64-linux-gnu/libtinfo.so.6.3)
==648417==    by 0x4B0B866: _nc_setupterm (in /usr/lib/x86_64-linux-gnu/libtinfo.so.6.3)
==648417==    by 0x4B0C4C9: tgetent_sp (in /usr/lib/x86_64-linux-gnu/libtinfo.so.6.3)
==648417==    by 0x48A81CD: _rl_init_terminal_io (in /usr/lib/x86_64-linux-gnu/libreadline.so.8.1)
==648417==    by 0x4894A0F: rl_initialize (in /usr/lib/x86_64-linux-gnu/libreadline.so.8.1)
==648417==    by 0x4894CD4: readline (in /usr/lib/x86_64-linux-gnu/libreadline.so.8.1)
==648417==    by 0x401579: main (main.c:79)
==648417== 
==648417== 78 bytes in 1 blocks are still reachable in loss record 25 of 81
==648417==    at 0x4848899: malloc (in /usr/libexec/valgrind/vgpreload_memcheck-amd64-linux.so)
==648417==    by 0x4B0004B: ??? (in /usr/lib/x86_64-linux-gnu/libtinfo.so.6.3)
==648417==    by 0x4B0B87D: _nc_setupterm (in /usr/lib/x86_64-linux-gnu/libtinfo.so.6.3)
==648417==    by 0x4B0C4C9: tgetent_sp (in /usr/lib/x86_64-linux-gnu/libtinfo.so.6.3)
==648417==    by 0x48A81CD: _rl_init_terminal_io (in /usr/lib/x86_64-linux-gnu/libreadline.so.8.1)
==648417==    by 0x4894A0F: rl_initialize (in /usr/lib/x86_64-linux-gnu/libreadline.so.8.1)
==648417==    by 0x4894CD4: readline (in /usr/lib/x86_64-linux-gnu/libreadline.so.8.1)
==648417==    by 0x401579: main (main.c:79)
==648417== 
==648417== 93 bytes in 1 blocks are still reachable in loss record 26 of 81
==648417==    at 0x4848899: malloc (in /usr/libexec/valgrind/vgpreload_memcheck-amd64-linux.so)
==648417==    by 0x496F58E: strdup (strdup.c:42)
==648417==    by 0x4B03D54: ??? (in /usr/lib/x86_64-linux-gnu/libtinfo.so.6.3)
==648417==    by 0x4B07098: _nc_tiparm (in /usr/lib/x86_64-linux-gnu/libtinfo.so.6.3)
==648417==    by 0x4B0DC7D: ??? (in /usr/lib/x86_64-linux-gnu/libtinfo.so.6.3)
==648417==    by 0x4B0DD09: _nc_trim_sgr0 (in /usr/lib/x86_64-linux-gnu/libtinfo.so.6.3)
==648417==    by 0x4B0C6A8: tgetent_sp (in /usr/lib/x86_64-linux-gnu/libtinfo.so.6.3)
==648417==    by 0x48A81CD: _rl_init_terminal_io (in /usr/lib/x86_64-linux-gnu/libreadline.so.8.1)
==648417==    by 0x4894A0F: rl_initialize (in /usr/lib/x86_64-linux-gnu/libreadline.so.8.1)
==648417==    by 0x4894CD4: readline (in /usr/lib/x86_64-linux-gnu/libreadline.so.8.1)
==648417==    by 0x401579: main (main.c:79)
==648417== 
==648417== 94 bytes in 1 blocks are still reachable in loss record 27 of 81
==648417==    at 0x4848899: malloc (in /usr/libexec/valgrind/vgpreload_memcheck-amd64-linux.so)
==648417==    by 0x4B0395B: _nc_tparm_analyze (in /usr/lib/x86_64-linux-gnu/libtinfo.so.6.3)
==648417==    by 0x4B03C62: ??? (in /usr/lib/x86_64-linux-gnu/libtinfo.so.6.3)
==648417==    by 0x4B07098: _nc_tiparm (in /usr/lib/x86_64-linux-gnu/libtinfo.so.6.3)
==648417==    by 0x4B0DC7D: ??? (in /usr/lib/x86_64-linux-gnu/libtinfo.so.6.3)
==648417==    by 0x4B0DD09: _nc_trim_sgr0 (in /usr/lib/x86_64-linux-gnu/libtinfo.so.6.3)
==648417==    by 0x4B0C6A8: tgetent_sp (in /usr/lib/x86_64-linux-gnu/libtinfo.so.6.3)
==648417==    by 0x48A81CD: _rl_init_terminal_io (in /usr/lib/x86_64-linux-gnu/libreadline.so.8.1)
==648417==    by 0x4894A0F: rl_initialize (in /usr/lib/x86_64-linux-gnu/libreadline.so.8.1)
==648417==    by 0x4894CD4: readline (in /usr/lib/x86_64-linux-gnu/libreadline.so.8.1)
==648417==    by 0x401579: main (main.c:79)
==648417== 
==648417== 96 bytes in 1 blocks are still reachable in loss record 28 of 81
==648417==    at 0x4848899: malloc (in /usr/libexec/valgrind/vgpreload_memcheck-amd64-linux.so)
==648417==    by 0x4B0179A: _nc_first_db (in /usr/lib/x86_64-linux-gnu/libtinfo.so.6.3)
==648417==    by 0x4B0B696: _nc_read_entry2 (in /usr/lib/x86_64-linux-gnu/libtinfo.so.6.3)
==648417==    by 0x4B0B711: ??? (in /usr/lib/x86_64-linux-gnu/libtinfo.so.6.3)
==648417==    by 0x4B0B866: _nc_setupterm (in /usr/lib/x86_64-linux-gnu/libtinfo.so.6.3)
==648417==    by 0x4B0C4C9: tgetent_sp (in /usr/lib/x86_64-linux-gnu/libtinfo.so.6.3)
==648417==    by 0x48A81CD: _rl_init_terminal_io (in /usr/lib/x86_64-linux-gnu/libreadline.so.8.1)
==648417==    by 0x4894A0F: rl_initialize (in /usr/lib/x86_64-linux-gnu/libreadline.so.8.1)
==648417==    by 0x4894CD4: readline (in /usr/lib/x86_64-linux-gnu/libreadline.so.8.1)
==648417==    by 0x401579: main (main.c:79)
==648417== 
==648417== 120 bytes in 1 blocks are still reachable in loss record 29 of 81
==648417==    at 0x4848899: malloc (in /usr/libexec/valgrind/vgpreload_memcheck-amd64-linux.so)
==648417==    by 0x48FF2FF: _nl_load_locale_from_archive (loadarchive.c:460)
==648417==    by 0x48FE0DF: _nl_find_locale (findlocale.c:152)
==648417==    by 0x48FDA90: setlocale (setlocale.c:414)
==648417==    by 0x48FDA90: setlocale (setlocale.c:217)
==648417==    by 0x48A6C45: _rl_init_locale (in /usr/lib/x86_64-linux-gnu/libreadline.so.8.1)
==648417==    by 0x48A6D2C: _rl_init_eightbit (in /usr/lib/x86_64-linux-gnu/libreadline.so.8.1)
==648417==    by 0x4894A31: rl_initialize (in /usr/lib/x86_64-linux-gnu/libreadline.so.8.1)
==648417==    by 0x4894CD4: readline (in /usr/lib/x86_64-linux-gnu/libreadline.so.8.1)
==648417==    by 0x401579: main (main.c:79)
==648417== 
==648417== 156 bytes in 1 blocks are still reachable in loss record 30 of 81
==648417==    at 0x484DCD3: realloc (in /usr/libexec/valgrind/vgpreload_memcheck-amd64-linux.so)
==648417==    by 0x4B006CC: _nc_doalloc (in /usr/lib/x86_64-linux-gnu/libtinfo.so.6.3)
==648417==    by 0x4B0B197: _nc_read_termtype (in /usr/lib/x86_64-linux-gnu/libtinfo.so.6.3)
==648417==    by 0x4B0B52A: ??? (in /usr/lib/x86_64-linux-gnu/libtinfo.so.6.3)
==648417==    by 0x4B0DC40: ??? (in /usr/lib/x86_64-linux-gnu/libtinfo.so.6.3)
==648417==    by 0x4B0B6BB: _nc_read_entry2 (in /usr/lib/x86_64-linux-gnu/libtinfo.so.6.3)
==648417==    by 0x4B0B711: ??? (in /usr/lib/x86_64-linux-gnu/libtinfo.so.6.3)
==648417==    by 0x4B0B866: _nc_setupterm (in /usr/lib/x86_64-linux-gnu/libtinfo.so.6.3)
==648417==    by 0x4B0C4C9: tgetent_sp (in /usr/lib/x86_64-linux-gnu/libtinfo.so.6.3)
==648417==    by 0x48A81CD: _rl_init_terminal_io (in /usr/lib/x86_64-linux-gnu/libreadline.so.8.1)
==648417==    by 0x4894A0F: rl_initialize (in /usr/lib/x86_64-linux-gnu/libreadline.so.8.1)
==648417==    by 0x4894CD4: readline (in /usr/lib/x86_64-linux-gnu/libreadline.so.8.1)
==648417== 
==648417== 168 bytes in 1 blocks are still reachable in loss record 31 of 81
==648417==    at 0x484DA83: calloc (in /usr/libexec/valgrind/vgpreload_memcheck-amd64-linux.so)
==648417==    by 0x4B03CCD: ??? (in /usr/lib/x86_64-linux-gnu/libtinfo.so.6.3)
==648417==    by 0x4B07098: _nc_tiparm (in /usr/lib/x86_64-linux-gnu/libtinfo.so.6.3)
==648417==    by 0x4B0DC7D: ??? (in /usr/lib/x86_64-linux-gnu/libtinfo.so.6.3)
==648417==    by 0x4B0DD09: _nc_trim_sgr0 (in /usr/lib/x86_64-linux-gnu/libtinfo.so.6.3)
==648417==    by 0x4B0C6A8: tgetent_sp (in /usr/lib/x86_64-linux-gnu/libtinfo.so.6.3)
==648417==    by 0x48A81CD: _rl_init_terminal_io (in /usr/lib/x86_64-linux-gnu/libreadline.so.8.1)
==648417==    by 0x4894A0F: rl_initialize (in /usr/lib/x86_64-linux-gnu/libreadline.so.8.1)
==648417==    by 0x4894CD4: readline (in /usr/lib/x86_64-linux-gnu/libreadline.so.8.1)
==648417==    by 0x401579: main (main.c:79)
==648417== 
==648417== 171 bytes in 1 blocks are still reachable in loss record 32 of 81
==648417==    at 0x4848899: malloc (in /usr/libexec/valgrind/vgpreload_memcheck-amd64-linux.so)
==648417==    by 0x48FD607: new_composite_name (setlocale.c:170)
==648417==    by 0x48FDAEA: setlocale (setlocale.c:437)
==648417==    by 0x48FDAEA: setlocale (setlocale.c:217)
==648417==    by 0x48A6C45: _rl_init_locale (in /usr/lib/x86_64-linux-gnu/libreadline.so.8.1)
==648417==    by 0x48A6D2C: _rl_init_eightbit (in /usr/lib/x86_64-linux-gnu/libreadline.so.8.1)
==648417==    by 0x4894A31: rl_initialize (in /usr/lib/x86_64-linux-gnu/libreadline.so.8.1)
==648417==    by 0x4894CD4: readline (in /usr/lib/x86_64-linux-gnu/libreadline.so.8.1)
==648417==    by 0x401579: main (main.c:79)
==648417== 
==648417== 208 bytes in 1 blocks are still reachable in loss record 33 of 81
==648417==    at 0x4848899: malloc (in /usr/libexec/valgrind/vgpreload_memcheck-amd64-linux.so)
==648417==    by 0x48FC9D6: __gconv_lookup_cache (gconv_cache.c:365)
==648417==    by 0x48F2B6E: __gconv_find_transform (gconv_db.c:732)
==648417==    by 0x4999D4A: __wcsmbs_getfct (wcsmbsload.c:91)
==648417==    by 0x4999D4A: __wcsmbs_load_conv (wcsmbsload.c:185)
==648417==    by 0x498D16E: get_gconv_fcts (wcsmbsload.h:73)
==648417==    by 0x498D16E: mbrtowc (mbrtowc.c:69)
==648417==    by 0x489C2D7: ??? (in /usr/lib/x86_64-linux-gnu/libreadline.so.8.1)
==648417==    by 0x489ECE1: rl_redisplay (in /usr/lib/x86_64-linux-gnu/libreadline.so.8.1)
==648417==    by 0x488A458: readline_internal_setup (in /usr/lib/x86_64-linux-gnu/libreadline.so.8.1)
==648417==    by 0x4894CF8: readline (in /usr/lib/x86_64-linux-gnu/libreadline.so.8.1)
==648417==    by 0x401579: main (main.c:79)
==648417== 
==648417== 208 bytes in 1 blocks are still reachable in loss record 34 of 81
==648417==    at 0x4848899: malloc (in /usr/libexec/valgrind/vgpreload_memcheck-amd64-linux.so)
==648417==    by 0x48FCAC0: __gconv_lookup_cache (gconv_cache.c:365)
==648417==    by 0x48F2B6E: __gconv_find_transform (gconv_db.c:732)
==648417==    by 0x4999D8B: __wcsmbs_getfct (wcsmbsload.c:91)
==648417==    by 0x4999D8B: __wcsmbs_load_conv (wcsmbsload.c:188)
==648417==    by 0x498D16E: get_gconv_fcts (wcsmbsload.h:73)
==648417==    by 0x498D16E: mbrtowc (mbrtowc.c:69)
==648417==    by 0x489C2D7: ??? (in /usr/lib/x86_64-linux-gnu/libreadline.so.8.1)
==648417==    by 0x489ECE1: rl_redisplay (in /usr/lib/x86_64-linux-gnu/libreadline.so.8.1)
==648417==    by 0x488A458: readline_internal_setup (in /usr/lib/x86_64-linux-gnu/libreadline.so.8.1)
==648417==    by 0x4894CF8: readline (in /usr/lib/x86_64-linux-gnu/libreadline.so.8.1)
==648417==    by 0x401579: main (main.c:79)
==648417== 
==648417== 256 bytes in 1 blocks are still reachable in loss record 35 of 81
==648417==    at 0x4848899: malloc (in /usr/libexec/valgrind/vgpreload_memcheck-amd64-linux.so)
==648417==    by 0x48ACBAC: xmalloc (in /usr/lib/x86_64-linux-gnu/libreadline.so.8.1)
==648417==    by 0x4894C86: rl_initialize (in /usr/lib/x86_64-linux-gnu/libreadline.so.8.1)
==648417==    by 0x4894CD4: readline (in /usr/lib/x86_64-linux-gnu/libreadline.so.8.1)
==648417==    by 0x401579: main (main.c:79)
==648417== 
==648417== 608 bytes in 1 blocks are still reachable in loss record 36 of 81
==648417==    at 0x484DA83: calloc (in /usr/libexec/valgrind/vgpreload_memcheck-amd64-linux.so)
==648417==    by 0x4B0B37E: _nc_read_termtype (in /usr/lib/x86_64-linux-gnu/libtinfo.so.6.3)
==648417==    by 0x4B0B52A: ??? (in /usr/lib/x86_64-linux-gnu/libtinfo.so.6.3)
==648417==    by 0x4B0DC40: ??? (in /usr/lib/x86_64-linux-gnu/libtinfo.so.6.3)
==648417==    by 0x4B0B6BB: _nc_read_entry2 (in /usr/lib/x86_64-linux-gnu/libtinfo.so.6.3)
==648417==    by 0x4B0B711: ??? (in /usr/lib/x86_64-linux-gnu/libtinfo.so.6.3)
==648417==    by 0x4B0B866: _nc_setupterm (in /usr/lib/x86_64-linux-gnu/libtinfo.so.6.3)
==648417==    by 0x4B0C4C9: tgetent_sp (in /usr/lib/x86_64-linux-gnu/libtinfo.so.6.3)
==648417==    by 0x48A81CD: _rl_init_terminal_io (in /usr/lib/x86_64-linux-gnu/libreadline.so.8.1)
==648417==    by 0x4894A0F: rl_initialize (in /usr/lib/x86_64-linux-gnu/libreadline.so.8.1)
==648417==    by 0x4894CD4: readline (in /usr/lib/x86_64-linux-gnu/libreadline.so.8.1)
==648417==    by 0x401579: main (main.c:79)
==648417== 
==648417== 608 bytes in 1 blocks are still reachable in loss record 37 of 81
==648417==    at 0x4848899: malloc (in /usr/libexec/valgrind/vgpreload_memcheck-amd64-linux.so)
==648417==    by 0x4B00119: ??? (in /usr/lib/x86_64-linux-gnu/libtinfo.so.6.3)
==648417==    by 0x4B0B87D: _nc_setupterm (in /usr/lib/x86_64-linux-gnu/libtinfo.so.6.3)
==648417==    by 0x4B0C4C9: tgetent_sp (in /usr/lib/x86_64-linux-gnu/libtinfo.so.6.3)
==648417==    by 0x48A81CD: _rl_init_terminal_io (in /usr/lib/x86_64-linux-gnu/libreadline.so.8.1)
==648417==    by 0x4894A0F: rl_initialize (in /usr/lib/x86_64-linux-gnu/libreadline.so.8.1)
==648417==    by 0x4894CD4: readline (in /usr/lib/x86_64-linux-gnu/libreadline.so.8.1)
==648417==    by 0x401579: main (main.c:79)
==648417== 
==648417== 744 bytes in 1 blocks are still reachable in loss record 38 of 81
==648417==    at 0x484DCD3: realloc (in /usr/libexec/valgrind/vgpreload_memcheck-amd64-linux.so)
==648417==    by 0x490BE7B: __add_to_environ (setenv.c:156)
==648417==    by 0x48543FF: setenv (in /usr/libexec/valgrind/vgpreload_memcheck-amd64-linux.so)
==648417==    by 0x48A6AF7: _rl_get_screen_size (in /usr/lib/x86_64-linux-gnu/libreadline.so.8.1)
==648417==    by 0x4899AB8: ??? (in /usr/lib/x86_64-linux-gnu/libreadline.so.8.1)
==648417==    by 0x4899E0D: rl_expand_prompt (in /usr/lib/x86_64-linux-gnu/libreadline.so.8.1)
==648417==    by 0x48891BF: rl_set_prompt (in /usr/lib/x86_64-linux-gnu/libreadline.so.8.1)
==648417==    by 0x4894CCF: readline (in /usr/lib/x86_64-linux-gnu/libreadline.so.8.1)
==648417==    by 0x401579: main (main.c:79)
==648417== 
==648417== 760 bytes in 1 blocks are still reachable in loss record 39 of 81
==648417==    at 0x484DA83: calloc (in /usr/libexec/valgrind/vgpreload_memcheck-amd64-linux.so)
==648417==    by 0x4B0B819: _nc_setupterm (in /usr/lib/x86_64-linux-gnu/libtinfo.so.6.3)
==648417==    by 0x4B0C4C9: tgetent_sp (in /usr/lib/x86_64-linux-gnu/libtinfo.so.6.3)
==648417==    by 0x48A81CD: _rl_init_terminal_io (in /usr/lib/x86_64-linux-gnu/libreadline.so.8.1)
==648417==    by 0x4894A0F: rl_initialize (in /usr/lib/x86_64-linux-gnu/libreadline.so.8.1)
==648417==    by 0x4894CD4: readline (in /usr/lib/x86_64-linux-gnu/libreadline.so.8.1)
==648417==    by 0x401579: main (main.c:79)
==648417== 
==648417== 940 bytes in 1 blocks are still reachable in loss record 40 of 81
==648417==    at 0x4848899: malloc (in /usr/libexec/valgrind/vgpreload_memcheck-amd64-linux.so)
==648417==    by 0x4B0B287: _nc_read_termtype (in /usr/lib/x86_64-linux-gnu/libtinfo.so.6.3)
==648417==    by 0x4B0B52A: ??? (in /usr/lib/x86_64-linux-gnu/libtinfo.so.6.3)
==648417==    by 0x4B0DC40: ??? (in /usr/lib/x86_64-linux-gnu/libtinfo.so.6.3)
==648417==    by 0x4B0B6BB: _nc_read_entry2 (in /usr/lib/x86_64-linux-gnu/libtinfo.so.6.3)
==648417==    by 0x4B0B711: ??? (in /usr/lib/x86_64-linux-gnu/libtinfo.so.6.3)
==648417==    by 0x4B0B866: _nc_setupterm (in /usr/lib/x86_64-linux-gnu/libtinfo.so.6.3)
==648417==    by 0x4B0C4C9: tgetent_sp (in /usr/lib/x86_64-linux-gnu/libtinfo.so.6.3)
==648417==    by 0x48A81CD: _rl_init_terminal_io (in /usr/lib/x86_64-linux-gnu/libreadline.so.8.1)
==648417==    by 0x4894A0F: rl_initialize (in /usr/lib/x86_64-linux-gnu/libreadline.so.8.1)
==648417==    by 0x4894CD4: readline (in /usr/lib/x86_64-linux-gnu/libreadline.so.8.1)
==648417==    by 0x401579: main (main.c:79)
==648417== 
==648417== 1,024 bytes in 1 blocks are still reachable in loss record 41 of 81
==648417==    at 0x4848899: malloc (in /usr/libexec/valgrind/vgpreload_memcheck-amd64-linux.so)
==648417==    by 0x4945BA3: _IO_file_doallocate (filedoalloc.c:101)
==648417==    by 0x4954CDF: _IO_doallocbuf (genops.c:347)
==648417==    by 0x4953F5F: _IO_file_overflow@@GLIBC_2.2.5 (fileops.c:744)
==648417==    by 0x49526D4: _IO_new_file_xsputn (fileops.c:1243)
==648417==    by 0x49526D4: _IO_file_xsputn@@GLIBC_2.2.5 (fileops.c:1196)
==648417==    by 0x4946FD6: fwrite (iofwrite.c:39)
==648417==    by 0x489177C: rl_prep_terminal (in /usr/lib/x86_64-linux-gnu/libreadline.so.8.1)
==648417==    by 0x4894CEE: readline (in /usr/lib/x86_64-linux-gnu/libreadline.so.8.1)
==648417==    by 0x401579: main (main.c:79)
==648417== 
==648417== 1,024 bytes in 1 blocks are still reachable in loss record 42 of 81
==648417==    at 0x4848899: malloc (in /usr/libexec/valgrind/vgpreload_memcheck-amd64-linux.so)
==648417==    by 0x48AD4A7: xrealloc (in /usr/lib/x86_64-linux-gnu/libreadline.so.8.1)
==648417==    by 0x4896C7B: ??? (in /usr/lib/x86_64-linux-gnu/libreadline.so.8.1)
==648417==    by 0x4896D67: ??? (in /usr/lib/x86_64-linux-gnu/libreadline.so.8.1)
==648417==    by 0x489FC7E: rl_redisplay (in /usr/lib/x86_64-linux-gnu/libreadline.so.8.1)
==648417==    by 0x488A458: readline_internal_setup (in /usr/lib/x86_64-linux-gnu/libreadline.so.8.1)
==648417==    by 0x4894CF8: readline (in /usr/lib/x86_64-linux-gnu/libreadline.so.8.1)
==648417==    by 0x401579: main (main.c:79)
==648417== 
==648417== 1,024 bytes in 1 blocks are still reachable in loss record 43 of 81
==648417==    at 0x4848899: malloc (in /usr/libexec/valgrind/vgpreload_memcheck-amd64-linux.so)
==648417==    by 0x48AD4A7: xrealloc (in /usr/lib/x86_64-linux-gnu/libreadline.so.8.1)
==648417==    by 0x4896C8B: ??? (in /usr/lib/x86_64-linux-gnu/libreadline.so.8.1)
==648417==    by 0x4896D67: ??? (in /usr/lib/x86_64-linux-gnu/libreadline.so.8.1)
==648417==    by 0x489FC7E: rl_redisplay (in /usr/lib/x86_64-linux-gnu/libreadline.so.8.1)
==648417==    by 0x488A458: readline_internal_setup (in /usr/lib/x86_64-linux-gnu/libreadline.so.8.1)
==648417==    by 0x4894CF8: readline (in /usr/lib/x86_64-linux-gnu/libreadline.so.8.1)
==648417==    by 0x401579: main (main.c:79)
==648417== 
==648417== 1,024 bytes in 1 blocks are still reachable in loss record 44 of 81
==648417==    at 0x4848899: malloc (in /usr/libexec/valgrind/vgpreload_memcheck-amd64-linux.so)
==648417==    by 0x48AD4A7: xrealloc (in /usr/lib/x86_64-linux-gnu/libreadline.so.8.1)
==648417==    by 0x4896CA2: ??? (in /usr/lib/x86_64-linux-gnu/libreadline.so.8.1)
==648417==    by 0x4896D67: ??? (in /usr/lib/x86_64-linux-gnu/libreadline.so.8.1)
==648417==    by 0x489FC7E: rl_redisplay (in /usr/lib/x86_64-linux-gnu/libreadline.so.8.1)
==648417==    by 0x488A458: readline_internal_setup (in /usr/lib/x86_64-linux-gnu/libreadline.so.8.1)
==648417==    by 0x4894CF8: readline (in /usr/lib/x86_64-linux-gnu/libreadline.so.8.1)
==648417==    by 0x401579: main (main.c:79)
==648417== 
==648417== 1,024 bytes in 1 blocks are still reachable in loss record 45 of 81
==648417==    at 0x4848899: malloc (in /usr/libexec/valgrind/vgpreload_memcheck-amd64-linux.so)
==648417==    by 0x48AD4A7: xrealloc (in /usr/lib/x86_64-linux-gnu/libreadline.so.8.1)
==648417==    by 0x4896CBB: ??? (in /usr/lib/x86_64-linux-gnu/libreadline.so.8.1)
==648417==    by 0x4896D67: ??? (in /usr/lib/x86_64-linux-gnu/libreadline.so.8.1)
==648417==    by 0x489FC7E: rl_redisplay (in /usr/lib/x86_64-linux-gnu/libreadline.so.8.1)
==648417==    by 0x488A458: readline_internal_setup (in /usr/lib/x86_64-linux-gnu/libreadline.so.8.1)
==648417==    by 0x4894CF8: readline (in /usr/lib/x86_64-linux-gnu/libreadline.so.8.1)
==648417==    by 0x401579: main (main.c:79)
==648417== 
==648417== 1,024 bytes in 1 blocks are still reachable in loss record 46 of 81
==648417==    at 0x4848899: malloc (in /usr/libexec/valgrind/vgpreload_memcheck-amd64-linux.so)
==648417==    by 0x48ACBAC: xmalloc (in /usr/lib/x86_64-linux-gnu/libreadline.so.8.1)
==648417==    by 0x4896DC5: ??? (in /usr/lib/x86_64-linux-gnu/libreadline.so.8.1)
==648417==    by 0x489FC7E: rl_redisplay (in /usr/lib/x86_64-linux-gnu/libreadline.so.8.1)
==648417==    by 0x488A458: readline_internal_setup (in /usr/lib/x86_64-linux-gnu/libreadline.so.8.1)
==648417==    by 0x4894CF8: readline (in /usr/lib/x86_64-linux-gnu/libreadline.so.8.1)
==648417==    by 0x401579: main (main.c:79)
==648417== 
==648417== 1,024 bytes in 1 blocks are still reachable in loss record 47 of 81
==648417==    at 0x4848899: malloc (in /usr/libexec/valgrind/vgpreload_memcheck-amd64-linux.so)
==648417==    by 0x48ACBAC: xmalloc (in /usr/lib/x86_64-linux-gnu/libreadline.so.8.1)
==648417==    by 0x4896DDA: ??? (in /usr/lib/x86_64-linux-gnu/libreadline.so.8.1)
==648417==    by 0x489FC7E: rl_redisplay (in /usr/lib/x86_64-linux-gnu/libreadline.so.8.1)
==648417==    by 0x488A458: readline_internal_setup (in /usr/lib/x86_64-linux-gnu/libreadline.so.8.1)
==648417==    by 0x4894CF8: readline (in /usr/lib/x86_64-linux-gnu/libreadline.so.8.1)
==648417==    by 0x401579: main (main.c:79)
==648417== 
==648417== 1,024 bytes in 1 blocks are still reachable in loss record 48 of 81
==648417==    at 0x4848899: malloc (in /usr/libexec/valgrind/vgpreload_memcheck-amd64-linux.so)
==648417==    by 0x48ACBAC: xmalloc (in /usr/lib/x86_64-linux-gnu/libreadline.so.8.1)
==648417==    by 0x4896DE8: ??? (in /usr/lib/x86_64-linux-gnu/libreadline.so.8.1)
==648417==    by 0x489FC7E: rl_redisplay (in /usr/lib/x86_64-linux-gnu/libreadline.so.8.1)
==648417==    by 0x488A458: readline_internal_setup (in /usr/lib/x86_64-linux-gnu/libreadline.so.8.1)
==648417==    by 0x4894CF8: readline (in /usr/lib/x86_64-linux-gnu/libreadline.so.8.1)
==648417==    by 0x401579: main (main.c:79)
==648417== 
==648417== 1,024 bytes in 1 blocks are still reachable in loss record 49 of 81
==648417==    at 0x4848899: malloc (in /usr/libexec/valgrind/vgpreload_memcheck-amd64-linux.so)
==648417==    by 0x48ACBAC: xmalloc (in /usr/lib/x86_64-linux-gnu/libreadline.so.8.1)
==648417==    by 0x4896DF6: ??? (in /usr/lib/x86_64-linux-gnu/libreadline.so.8.1)
==648417==    by 0x489FC7E: rl_redisplay (in /usr/lib/x86_64-linux-gnu/libreadline.so.8.1)
==648417==    by 0x488A458: readline_internal_setup (in /usr/lib/x86_64-linux-gnu/libreadline.so.8.1)
==648417==    by 0x4894CF8: readline (in /usr/lib/x86_64-linux-gnu/libreadline.so.8.1)
==648417==    by 0x401579: main (main.c:79)
==648417== 
==648417== 1,268 bytes in 90 blocks are still reachable in loss record 50 of 81
==648417==    at 0x4848899: malloc (in /usr/libexec/valgrind/vgpreload_memcheck-amd64-linux.so)
==648417==    by 0x409658: ft_strdup (in /home/mobullad/Desktop/minihell/minishell)
==648417==    by 0x4031E3: create_env_node (env_cpy.c:22)
==648417==    by 0x403381: process_env_entry (env_cpy.c:79)
==648417==    by 0x4032F6: copy_environment (env_cpy.c:98)
==648417==    by 0x4028FB: init_data (utils.c:30)
==648417==    by 0x401525: main (main.c:69)
==648417== 
==648417== 1,536 bytes in 1 blocks are still reachable in loss record 51 of 81
==648417==    at 0x484DCD3: realloc (in /usr/libexec/valgrind/vgpreload_memcheck-amd64-linux.so)
==648417==    by 0x48AD491: xrealloc (in /usr/lib/x86_64-linux-gnu/libreadline.so.8.1)
==648417==    by 0x488A877: rl_add_funmap_entry (in /usr/lib/x86_64-linux-gnu/libreadline.so.8.1)
==648417==    by 0x488A8C8: rl_initialize_funmap (in /usr/lib/x86_64-linux-gnu/libreadline.so.8.1)
==648417==    by 0x4894A2C: rl_initialize (in /usr/lib/x86_64-linux-gnu/libreadline.so.8.1)
==648417==    by 0x4894CD4: readline (in /usr/lib/x86_64-linux-gnu/libreadline.so.8.1)
==648417==    by 0x401579: main (main.c:79)
==648417== 
==648417== 1,664 bytes in 1 blocks are still reachable in loss record 52 of 81
==648417==    at 0x4848899: malloc (in /usr/libexec/valgrind/vgpreload_memcheck-amd64-linux.so)
==648417==    by 0x4B0AACD: _nc_read_termtype (in /usr/lib/x86_64-linux-gnu/libtinfo.so.6.3)
==648417==    by 0x4B0B52A: ??? (in /usr/lib/x86_64-linux-gnu/libtinfo.so.6.3)
==648417==    by 0x4B0DC40: ??? (in /usr/lib/x86_64-linux-gnu/libtinfo.so.6.3)
==648417==    by 0x4B0B6BB: _nc_read_entry2 (in /usr/lib/x86_64-linux-gnu/libtinfo.so.6.3)
==648417==    by 0x4B0B711: ??? (in /usr/lib/x86_64-linux-gnu/libtinfo.so.6.3)
==648417==    by 0x4B0B866: _nc_setupterm (in /usr/lib/x86_64-linux-gnu/libtinfo.so.6.3)
==648417==    by 0x4B0C4C9: tgetent_sp (in /usr/lib/x86_64-linux-gnu/libtinfo.so.6.3)
==648417==    by 0x48A81CD: _rl_init_terminal_io (in /usr/lib/x86_64-linux-gnu/libreadline.so.8.1)
==648417==    by 0x4894A0F: rl_initialize (in /usr/lib/x86_64-linux-gnu/libreadline.so.8.1)
==648417==    by 0x4894CD4: readline (in /usr/lib/x86_64-linux-gnu/libreadline.so.8.1)
==648417==    by 0x401579: main (main.c:79)
==648417== 
==648417== 2,032 bytes in 1 blocks are still reachable in loss record 53 of 81
==648417==    at 0x4848899: malloc (in /usr/libexec/valgrind/vgpreload_memcheck-amd64-linux.so)
==648417==    by 0x48ACBAC: xmalloc (in /usr/lib/x86_64-linux-gnu/libreadline.so.8.1)
==648417==    by 0x48A8419: _rl_init_terminal_io (in /usr/lib/x86_64-linux-gnu/libreadline.so.8.1)
==648417==    by 0x4894A0F: rl_initialize (in /usr/lib/x86_64-linux-gnu/libreadline.so.8.1)
==648417==    by 0x4894CD4: readline (in /usr/lib/x86_64-linux-gnu/libreadline.so.8.1)
==648417==    by 0x401579: main (main.c:79)
==648417== 
==648417== 2,160 bytes in 90 blocks are still reachable in loss record 54 of 81
==648417==    at 0x4848899: malloc (in /usr/libexec/valgrind/vgpreload_memcheck-amd64-linux.so)
==648417==    by 0x40A0F0: ft_calloc (in /home/mobullad/Desktop/minihell/minishell)
==648417==    by 0x4031BE: create_env_node (env_cpy.c:19)
==648417==    by 0x403381: process_env_entry (env_cpy.c:79)
==648417==    by 0x4032F6: copy_environment (env_cpy.c:98)
==648417==    by 0x4028FB: init_data (utils.c:30)
==648417==    by 0x401525: main (main.c:69)
==648417== 
==648417== 2,240 bytes in 140 blocks are still reachable in loss record 55 of 81
==648417==    at 0x4848899: malloc (in /usr/libexec/valgrind/vgpreload_memcheck-amd64-linux.so)
==648417==    by 0x48ACBAC: xmalloc (in /usr/lib/x86_64-linux-gnu/libreadline.so.8.1)
==648417==    by 0x488A822: rl_add_funmap_entry (in /usr/lib/x86_64-linux-gnu/libreadline.so.8.1)
==648417==    by 0x488A8C8: rl_initialize_funmap (in /usr/lib/x86_64-linux-gnu/libreadline.so.8.1)
==648417==    by 0x4894A2C: rl_initialize (in /usr/lib/x86_64-linux-gnu/libreadline.so.8.1)
==648417==    by 0x4894CD4: readline (in /usr/lib/x86_64-linux-gnu/libreadline.so.8.1)
==648417==    by 0x401579: main (main.c:79)
==648417== 
==648417== 3,580 bytes in 89 blocks are still reachable in loss record 56 of 81
==648417==    at 0x4848899: malloc (in /usr/libexec/valgrind/vgpreload_memcheck-amd64-linux.so)
==648417==    by 0x409658: ft_strdup (in /home/mobullad/Desktop/minihell/minishell)
==648417==    by 0x403225: create_env_node (env_cpy.c:29)
==648417==    by 0x403381: process_env_entry (env_cpy.c:79)
==648417==    by 0x4032F6: copy_environment (env_cpy.c:98)
==648417==    by 0x4028FB: init_data (utils.c:30)
==648417==    by 0x401525: main (main.c:69)
==648417== 
==648417== 3,728 bytes in 12 blocks are still reachable in loss record 57 of 81
==648417==    at 0x4848899: malloc (in /usr/libexec/valgrind/vgpreload_memcheck-amd64-linux.so)
==648417==    by 0x48FE96E: _nl_intern_locale_data (loadlocale.c:97)
==648417==    by 0x48FF370: _nl_load_locale_from_archive (loadarchive.c:477)
==648417==    by 0x48FE0DF: _nl_find_locale (findlocale.c:152)
==648417==    by 0x48FDA90: setlocale (setlocale.c:414)
==648417==    by 0x48FDA90: setlocale (setlocale.c:217)
==648417==    by 0x48A6C45: _rl_init_locale (in /usr/lib/x86_64-linux-gnu/libreadline.so.8.1)
==648417==    by 0x48A6D2C: _rl_init_eightbit (in /usr/lib/x86_64-linux-gnu/libreadline.so.8.1)
==648417==    by 0x4894A31: rl_initialize (in /usr/lib/x86_64-linux-gnu/libreadline.so.8.1)
==648417==    by 0x4894CD4: readline (in /usr/lib/x86_64-linux-gnu/libreadline.so.8.1)
==648417==    by 0x401579: main (main.c:79)
==648417== 
==648417== 3,904 bytes in 1 blocks are still reachable in loss record 58 of 81
==648417==    at 0x484DCD3: realloc (in /usr/libexec/valgrind/vgpreload_memcheck-amd64-linux.so)
==648417==    by 0x4B006CC: _nc_doalloc (in /usr/lib/x86_64-linux-gnu/libtinfo.so.6.3)
==648417==    by 0x4B0B1B5: _nc_read_termtype (in /usr/lib/x86_64-linux-gnu/libtinfo.so.6.3)
==648417==    by 0x4B0B52A: ??? (in /usr/lib/x86_64-linux-gnu/libtinfo.so.6.3)
==648417==    by 0x4B0DC40: ??? (in /usr/lib/x86_64-linux-gnu/libtinfo.so.6.3)
==648417==    by 0x4B0B6BB: _nc_read_entry2 (in /usr/lib/x86_64-linux-gnu/libtinfo.so.6.3)
==648417==    by 0x4B0B711: ??? (in /usr/lib/x86_64-linux-gnu/libtinfo.so.6.3)
==648417==    by 0x4B0B866: _nc_setupterm (in /usr/lib/x86_64-linux-gnu/libtinfo.so.6.3)
==648417==    by 0x4B0C4C9: tgetent_sp (in /usr/lib/x86_64-linux-gnu/libtinfo.so.6.3)
==648417==    by 0x48A81CD: _rl_init_terminal_io (in /usr/lib/x86_64-linux-gnu/libreadline.so.8.1)
==648417==    by 0x4894A0F: rl_initialize (in /usr/lib/x86_64-linux-gnu/libreadline.so.8.1)
==648417==    by 0x4894CD4: readline (in /usr/lib/x86_64-linux-gnu/libreadline.so.8.1)
==648417== 
==648417== 3,904 bytes in 1 blocks are still reachable in loss record 59 of 81
==648417==    at 0x4848899: malloc (in /usr/libexec/valgrind/vgpreload_memcheck-amd64-linux.so)
==648417==    by 0x4AFFFFF: ??? (in /usr/lib/x86_64-linux-gnu/libtinfo.so.6.3)
==648417==    by 0x4B0B87D: _nc_setupterm (in /usr/lib/x86_64-linux-gnu/libtinfo.so.6.3)
==648417==    by 0x4B0C4C9: tgetent_sp (in /usr/lib/x86_64-linux-gnu/libtinfo.so.6.3)
==648417==    by 0x48A81CD: _rl_init_terminal_io (in /usr/lib/x86_64-linux-gnu/libreadline.so.8.1)
==648417==    by 0x4894A0F: rl_initialize (in /usr/lib/x86_64-linux-gnu/libreadline.so.8.1)
==648417==    by 0x4894CD4: readline (in /usr/lib/x86_64-linux-gnu/libreadline.so.8.1)
==648417==    by 0x401579: main (main.c:79)
==648417== 
==648417== 4,080 bytes in 1 blocks are still reachable in loss record 60 of 81
==648417==    at 0x4848899: malloc (in /usr/libexec/valgrind/vgpreload_memcheck-amd64-linux.so)
==648417==    by 0x48ACBAC: xmalloc (in /usr/lib/x86_64-linux-gnu/libreadline.so.8.1)
==648417==    by 0x48A83F9: _rl_init_terminal_io (in /usr/lib/x86_64-linux-gnu/libreadline.so.8.1)
==648417==    by 0x4894A0F: rl_initialize (in /usr/lib/x86_64-linux-gnu/libreadline.so.8.1)
==648417==    by 0x4894CD4: readline (in /usr/lib/x86_64-linux-gnu/libreadline.so.8.1)
==648417==    by 0x401579: main (main.c:79)
==648417== 
==648417== 4,112 bytes in 1 blocks are still reachable in loss record 61 of 81
==648417==    at 0x4848899: malloc (in /usr/libexec/valgrind/vgpreload_memcheck-amd64-linux.so)
==648417==    by 0x48ACBAC: xmalloc (in /usr/lib/x86_64-linux-gnu/libreadline.so.8.1)
==648417==    by 0x4889251: rl_make_bare_keymap (in /usr/lib/x86_64-linux-gnu/libreadline.so.8.1)
==648417==    by 0x4889B6A: rl_generic_bind (in /usr/lib/x86_64-linux-gnu/libreadline.so.8.1)
==648417==    by 0x489475D: rl_bind_keyseq_if_unbound_in_map (in /usr/lib/x86_64-linux-gnu/libreadline.so.8.1)
==648417==    by 0x48A7DD5: ??? (in /usr/lib/x86_64-linux-gnu/libreadline.so.8.1)
==648417==    by 0x48A831F: _rl_init_terminal_io (in /usr/lib/x86_64-linux-gnu/libreadline.so.8.1)
==648417==    by 0x4894A0F: rl_initialize (in /usr/lib/x86_64-linux-gnu/libreadline.so.8.1)
==648417==    by 0x4894CD4: readline (in /usr/lib/x86_64-linux-gnu/libreadline.so.8.1)
==648417==    by 0x401579: main (main.c:79)
==648417== 
==648417== 4,112 bytes in 1 blocks are still reachable in loss record 62 of 81
==648417==    at 0x4848899: malloc (in /usr/libexec/valgrind/vgpreload_memcheck-amd64-linux.so)
==648417==    by 0x48ACBAC: xmalloc (in /usr/lib/x86_64-linux-gnu/libreadline.so.8.1)
==648417==    by 0x4889251: rl_make_bare_keymap (in /usr/lib/x86_64-linux-gnu/libreadline.so.8.1)
==648417==    by 0x4889B6A: rl_generic_bind (in /usr/lib/x86_64-linux-gnu/libreadline.so.8.1)
==648417==    by 0x489475D: rl_bind_keyseq_if_unbound_in_map (in /usr/lib/x86_64-linux-gnu/libreadline.so.8.1)
==648417==    by 0x48A7E5A: ??? (in /usr/lib/x86_64-linux-gnu/libreadline.so.8.1)
==648417==    by 0x48A831F: _rl_init_terminal_io (in /usr/lib/x86_64-linux-gnu/libreadline.so.8.1)
==648417==    by 0x4894A0F: rl_initialize (in /usr/lib/x86_64-linux-gnu/libreadline.so.8.1)
==648417==    by 0x4894CD4: readline (in /usr/lib/x86_64-linux-gnu/libreadline.so.8.1)
==648417==    by 0x401579: main (main.c:79)
==648417== 
==648417== 4,112 bytes in 1 blocks are still reachable in loss record 63 of 81
==648417==    at 0x4848899: malloc (in /usr/libexec/valgrind/vgpreload_memcheck-amd64-linux.so)
==648417==    by 0x48ACBAC: xmalloc (in /usr/lib/x86_64-linux-gnu/libreadline.so.8.1)
==648417==    by 0x4889251: rl_make_bare_keymap (in /usr/lib/x86_64-linux-gnu/libreadline.so.8.1)
==648417==    by 0x4889B6A: rl_generic_bind (in /usr/lib/x86_64-linux-gnu/libreadline.so.8.1)
==648417==    by 0x489475D: rl_bind_keyseq_if_unbound_in_map (in /usr/lib/x86_64-linux-gnu/libreadline.so.8.1)
==648417==    by 0x48A7E5A: ??? (in /usr/lib/x86_64-linux-gnu/libreadline.so.8.1)
==648417==    by 0x48A832B: _rl_init_terminal_io (in /usr/lib/x86_64-linux-gnu/libreadline.so.8.1)
==648417==    by 0x4894A0F: rl_initialize (in /usr/lib/x86_64-linux-gnu/libreadline.so.8.1)
==648417==    by 0x4894CD4: readline (in /usr/lib/x86_64-linux-gnu/libreadline.so.8.1)
==648417==    by 0x401579: main (main.c:79)
==648417== 
==648417== 4,112 bytes in 1 blocks are still reachable in loss record 64 of 81
==648417==    at 0x4848899: malloc (in /usr/libexec/valgrind/vgpreload_memcheck-amd64-linux.so)
==648417==    by 0x48ACBAC: xmalloc (in /usr/lib/x86_64-linux-gnu/libreadline.so.8.1)
==648417==    by 0x4889251: rl_make_bare_keymap (in /usr/lib/x86_64-linux-gnu/libreadline.so.8.1)
==648417==    by 0x4889B6A: rl_generic_bind (in /usr/lib/x86_64-linux-gnu/libreadline.so.8.1)
==648417==    by 0x489475D: rl_bind_keyseq_if_unbound_in_map (in /usr/lib/x86_64-linux-gnu/libreadline.so.8.1)
==648417==    by 0x48A7E5A: ??? (in /usr/lib/x86_64-linux-gnu/libreadline.so.8.1)
==648417==    by 0x48A8337: _rl_init_terminal_io (in /usr/lib/x86_64-linux-gnu/libreadline.so.8.1)
==648417==    by 0x4894A0F: rl_initialize (in /usr/lib/x86_64-linux-gnu/libreadline.so.8.1)
==648417==    by 0x4894CD4: readline (in /usr/lib/x86_64-linux-gnu/libreadline.so.8.1)
==648417==    by 0x401579: main (main.c:79)
==648417== 
==648417== 4,112 bytes in 1 blocks are still reachable in loss record 65 of 81
==648417==    at 0x4848899: malloc (in /usr/libexec/valgrind/vgpreload_memcheck-amd64-linux.so)
==648417==    by 0x48ACBAC: xmalloc (in /usr/lib/x86_64-linux-gnu/libreadline.so.8.1)
==648417==    by 0x4889251: rl_make_bare_keymap (in /usr/lib/x86_64-linux-gnu/libreadline.so.8.1)
==648417==    by 0x4889B6A: rl_generic_bind (in /usr/lib/x86_64-linux-gnu/libreadline.so.8.1)
==648417==    by 0x489475D: rl_bind_keyseq_if_unbound_in_map (in /usr/lib/x86_64-linux-gnu/libreadline.so.8.1)
==648417==    by 0x489494C: ??? (in /usr/lib/x86_64-linux-gnu/libreadline.so.8.1)
==648417==    by 0x4894A84: rl_initialize (in /usr/lib/x86_64-linux-gnu/libreadline.so.8.1)
==648417==    by 0x4894CD4: readline (in /usr/lib/x86_64-linux-gnu/libreadline.so.8.1)
==648417==    by 0x401579: main (main.c:79)
==648417== 
==648417== 4,112 bytes in 1 blocks are still reachable in loss record 66 of 81
==648417==    at 0x4848899: malloc (in /usr/libexec/valgrind/vgpreload_memcheck-amd64-linux.so)
==648417==    by 0x48ACBAC: xmalloc (in /usr/lib/x86_64-linux-gnu/libreadline.so.8.1)
==648417==    by 0x4889251: rl_make_bare_keymap (in /usr/lib/x86_64-linux-gnu/libreadline.so.8.1)
==648417==    by 0x4889B6A: rl_generic_bind (in /usr/lib/x86_64-linux-gnu/libreadline.so.8.1)
==648417==    by 0x489475D: rl_bind_keyseq_if_unbound_in_map (in /usr/lib/x86_64-linux-gnu/libreadline.so.8.1)
==648417==    by 0x489494C: ??? (in /usr/lib/x86_64-linux-gnu/libreadline.so.8.1)
==648417==    by 0x4894A93: rl_initialize (in /usr/lib/x86_64-linux-gnu/libreadline.so.8.1)
==648417==    by 0x4894CD4: readline (in /usr/lib/x86_64-linux-gnu/libreadline.so.8.1)
==648417==    by 0x401579: main (main.c:79)
==648417== 
==648417== 4,112 bytes in 1 blocks are still reachable in loss record 67 of 81
==648417==    at 0x4848899: malloc (in /usr/libexec/valgrind/vgpreload_memcheck-amd64-linux.so)
==648417==    by 0x48ACBAC: xmalloc (in /usr/lib/x86_64-linux-gnu/libreadline.so.8.1)
==648417==    by 0x4889251: rl_make_bare_keymap (in /usr/lib/x86_64-linux-gnu/libreadline.so.8.1)
==648417==    by 0x4889B6A: rl_generic_bind (in /usr/lib/x86_64-linux-gnu/libreadline.so.8.1)
==648417==    by 0x489475D: rl_bind_keyseq_if_unbound_in_map (in /usr/lib/x86_64-linux-gnu/libreadline.so.8.1)
==648417==    by 0x489494C: ??? (in /usr/lib/x86_64-linux-gnu/libreadline.so.8.1)
==648417==    by 0x4894AB8: rl_initialize (in /usr/lib/x86_64-linux-gnu/libreadline.so.8.1)
==648417==    by 0x4894CD4: readline (in /usr/lib/x86_64-linux-gnu/libreadline.so.8.1)
==648417==    by 0x401579: main (main.c:79)
==648417== 
==648417== 7,952 bytes in 1 blocks are still reachable in loss record 68 of 81
==648417==    at 0x484DA83: calloc (in /usr/libexec/valgrind/vgpreload_memcheck-amd64-linux.so)
==648417==    by 0x4AFEC97: ??? (in /usr/lib/x86_64-linux-gnu/libtinfo.so.6.3)
==648417==    by 0x4B003AF: _nc_find_type_entry (in /usr/lib/x86_64-linux-gnu/libtinfo.so.6.3)
==648417==    by 0x4B02E4C: tgetstr_sp (in /usr/lib/x86_64-linux-gnu/libtinfo.so.6.3)
==648417==    by 0x48A821A: _rl_init_terminal_io (in /usr/lib/x86_64-linux-gnu/libreadline.so.8.1)
==648417==    by 0x4894A0F: rl_initialize (in /usr/lib/x86_64-linux-gnu/libreadline.so.8.1)
==648417==    by 0x4894CD4: readline (in /usr/lib/x86_64-linux-gnu/libreadline.so.8.1)
==648417==    by 0x401579: main (main.c:79)
==648417== 
==648417== 8,224 bytes in 2 blocks are still reachable in loss record 69 of 81
==648417==    at 0x4848899: malloc (in /usr/libexec/valgrind/vgpreload_memcheck-amd64-linux.so)
==648417==    by 0x48ACBAC: xmalloc (in /usr/lib/x86_64-linux-gnu/libreadline.so.8.1)
==648417==    by 0x4889251: rl_make_bare_keymap (in /usr/lib/x86_64-linux-gnu/libreadline.so.8.1)
==648417==    by 0x4889B6A: rl_generic_bind (in /usr/lib/x86_64-linux-gnu/libreadline.so.8.1)
==648417==    by 0x489475D: rl_bind_keyseq_if_unbound_in_map (in /usr/lib/x86_64-linux-gnu/libreadline.so.8.1)
==648417==    by 0x48A7E47: ??? (in /usr/lib/x86_64-linux-gnu/libreadline.so.8.1)
==648417==    by 0x48A831F: _rl_init_terminal_io (in /usr/lib/x86_64-linux-gnu/libreadline.so.8.1)
==648417==    by 0x4894A0F: rl_initialize (in /usr/lib/x86_64-linux-gnu/libreadline.so.8.1)
==648417==    by 0x4894CD4: readline (in /usr/lib/x86_64-linux-gnu/libreadline.so.8.1)
==648417==    by 0x401579: main (main.c:79)
==648417== 
==648417== 8,224 bytes in 2 blocks are still reachable in loss record 70 of 81
==648417==    at 0x4848899: malloc (in /usr/libexec/valgrind/vgpreload_memcheck-amd64-linux.so)
==648417==    by 0x48ACBAC: xmalloc (in /usr/lib/x86_64-linux-gnu/libreadline.so.8.1)
==648417==    by 0x4889251: rl_make_bare_keymap (in /usr/lib/x86_64-linux-gnu/libreadline.so.8.1)
==648417==    by 0x4889B6A: rl_generic_bind (in /usr/lib/x86_64-linux-gnu/libreadline.so.8.1)
==648417==    by 0x489475D: rl_bind_keyseq_if_unbound_in_map (in /usr/lib/x86_64-linux-gnu/libreadline.so.8.1)
==648417==    by 0x48A7DD5: ??? (in /usr/lib/x86_64-linux-gnu/libreadline.so.8.1)
==648417==    by 0x48A832B: _rl_init_terminal_io (in /usr/lib/x86_64-linux-gnu/libreadline.so.8.1)
==648417==    by 0x4894A0F: rl_initialize (in /usr/lib/x86_64-linux-gnu/libreadline.so.8.1)
==648417==    by 0x4894CD4: readline (in /usr/lib/x86_64-linux-gnu/libreadline.so.8.1)
==648417==    by 0x401579: main (main.c:79)
==648417== 
==648417== 8,224 bytes in 2 blocks are still reachable in loss record 71 of 81
==648417==    at 0x4848899: malloc (in /usr/libexec/valgrind/vgpreload_memcheck-amd64-linux.so)
==648417==    by 0x48ACBAC: xmalloc (in /usr/lib/x86_64-linux-gnu/libreadline.so.8.1)
==648417==    by 0x4889251: rl_make_bare_keymap (in /usr/lib/x86_64-linux-gnu/libreadline.so.8.1)
==648417==    by 0x4889B6A: rl_generic_bind (in /usr/lib/x86_64-linux-gnu/libreadline.so.8.1)
==648417==    by 0x489475D: rl_bind_keyseq_if_unbound_in_map (in /usr/lib/x86_64-linux-gnu/libreadline.so.8.1)
==648417==    by 0x48A7E47: ??? (in /usr/lib/x86_64-linux-gnu/libreadline.so.8.1)
==648417==    by 0x48A832B: _rl_init_terminal_io (in /usr/lib/x86_64-linux-gnu/libreadline.so.8.1)
==648417==    by 0x4894A0F: rl_initialize (in /usr/lib/x86_64-linux-gnu/libreadline.so.8.1)
==648417==    by 0x4894CD4: readline (in /usr/lib/x86_64-linux-gnu/libreadline.so.8.1)
==648417==    by 0x401579: main (main.c:79)
==648417== 
==648417== 8,224 bytes in 2 blocks are still reachable in loss record 72 of 81
==648417==    at 0x4848899: malloc (in /usr/libexec/valgrind/vgpreload_memcheck-amd64-linux.so)
==648417==    by 0x48ACBAC: xmalloc (in /usr/lib/x86_64-linux-gnu/libreadline.so.8.1)
==648417==    by 0x4889251: rl_make_bare_keymap (in /usr/lib/x86_64-linux-gnu/libreadline.so.8.1)
==648417==    by 0x4889B6A: rl_generic_bind (in /usr/lib/x86_64-linux-gnu/libreadline.so.8.1)
==648417==    by 0x489475D: rl_bind_keyseq_if_unbound_in_map (in /usr/lib/x86_64-linux-gnu/libreadline.so.8.1)
==648417==    by 0x48A7DD5: ??? (in /usr/lib/x86_64-linux-gnu/libreadline.so.8.1)
==648417==    by 0x48A8337: _rl_init_terminal_io (in /usr/lib/x86_64-linux-gnu/libreadline.so.8.1)
==648417==    by 0x4894A0F: rl_initialize (in /usr/lib/x86_64-linux-gnu/libreadline.so.8.1)
==648417==    by 0x4894CD4: readline (in /usr/lib/x86_64-linux-gnu/libreadline.so.8.1)
==648417==    by 0x401579: main (main.c:79)
==648417== 
==648417== 8,224 bytes in 2 blocks are still reachable in loss record 73 of 81
==648417==    at 0x4848899: malloc (in /usr/libexec/valgrind/vgpreload_memcheck-amd64-linux.so)
==648417==    by 0x48ACBAC: xmalloc (in /usr/lib/x86_64-linux-gnu/libreadline.so.8.1)
==648417==    by 0x4889251: rl_make_bare_keymap (in /usr/lib/x86_64-linux-gnu/libreadline.so.8.1)
==648417==    by 0x4889B6A: rl_generic_bind (in /usr/lib/x86_64-linux-gnu/libreadline.so.8.1)
==648417==    by 0x489475D: rl_bind_keyseq_if_unbound_in_map (in /usr/lib/x86_64-linux-gnu/libreadline.so.8.1)
==648417==    by 0x48A7E47: ??? (in /usr/lib/x86_64-linux-gnu/libreadline.so.8.1)
==648417==    by 0x48A8337: _rl_init_terminal_io (in /usr/lib/x86_64-linux-gnu/libreadline.so.8.1)
==648417==    by 0x4894A0F: rl_initialize (in /usr/lib/x86_64-linux-gnu/libreadline.so.8.1)
==648417==    by 0x4894CD4: readline (in /usr/lib/x86_64-linux-gnu/libreadline.so.8.1)
==648417==    by 0x401579: main (main.c:79)
==648417== 
==648417== 8,224 bytes in 2 blocks are still reachable in loss record 74 of 81
==648417==    at 0x4848899: malloc (in /usr/libexec/valgrind/vgpreload_memcheck-amd64-linux.so)
==648417==    by 0x48ACBAC: xmalloc (in /usr/lib/x86_64-linux-gnu/libreadline.so.8.1)
==648417==    by 0x4889251: rl_make_bare_keymap (in /usr/lib/x86_64-linux-gnu/libreadline.so.8.1)
==648417==    by 0x4889B6A: rl_generic_bind (in /usr/lib/x86_64-linux-gnu/libreadline.so.8.1)
==648417==    by 0x489475D: rl_bind_keyseq_if_unbound_in_map (in /usr/lib/x86_64-linux-gnu/libreadline.so.8.1)
==648417==    by 0x489493D: ??? (in /usr/lib/x86_64-linux-gnu/libreadline.so.8.1)
==648417==    by 0x4894A84: rl_initialize (in /usr/lib/x86_64-linux-gnu/libreadline.so.8.1)
==648417==    by 0x4894CD4: readline (in /usr/lib/x86_64-linux-gnu/libreadline.so.8.1)
==648417==    by 0x401579: main (main.c:79)
==648417== 
==648417== 8,224 bytes in 2 blocks are still reachable in loss record 75 of 81
==648417==    at 0x4848899: malloc (in /usr/libexec/valgrind/vgpreload_memcheck-amd64-linux.so)
==648417==    by 0x48ACBAC: xmalloc (in /usr/lib/x86_64-linux-gnu/libreadline.so.8.1)
==648417==    by 0x4889251: rl_make_bare_keymap (in /usr/lib/x86_64-linux-gnu/libreadline.so.8.1)
==648417==    by 0x4889B6A: rl_generic_bind (in /usr/lib/x86_64-linux-gnu/libreadline.so.8.1)
==648417==    by 0x489475D: rl_bind_keyseq_if_unbound_in_map (in /usr/lib/x86_64-linux-gnu/libreadline.so.8.1)
==648417==    by 0x489493D: ??? (in /usr/lib/x86_64-linux-gnu/libreadline.so.8.1)
==648417==    by 0x4894A93: rl_initialize (in /usr/lib/x86_64-linux-gnu/libreadline.so.8.1)
==648417==    by 0x4894CD4: readline (in /usr/lib/x86_64-linux-gnu/libreadline.so.8.1)
==648417==    by 0x401579: main (main.c:79)
==648417== 
==648417== 8,224 bytes in 2 blocks are still reachable in loss record 76 of 81
==648417==    at 0x4848899: malloc (in /usr/libexec/valgrind/vgpreload_memcheck-amd64-linux.so)
==648417==    by 0x48ACBAC: xmalloc (in /usr/lib/x86_64-linux-gnu/libreadline.so.8.1)
==648417==    by 0x4889251: rl_make_bare_keymap (in /usr/lib/x86_64-linux-gnu/libreadline.so.8.1)
==648417==    by 0x4889B6A: rl_generic_bind (in /usr/lib/x86_64-linux-gnu/libreadline.so.8.1)
==648417==    by 0x489475D: rl_bind_keyseq_if_unbound_in_map (in /usr/lib/x86_64-linux-gnu/libreadline.so.8.1)
==648417==    by 0x489493D: ??? (in /usr/lib/x86_64-linux-gnu/libreadline.so.8.1)
==648417==    by 0x4894AB8: rl_initialize (in /usr/lib/x86_64-linux-gnu/libreadline.so.8.1)
==648417==    by 0x4894CD4: readline (in /usr/lib/x86_64-linux-gnu/libreadline.so.8.1)
==648417==    by 0x401579: main (main.c:79)
==648417== 
==648417== 8,224 bytes in 2 blocks are still reachable in loss record 77 of 81
==648417==    at 0x4848899: malloc (in /usr/libexec/valgrind/vgpreload_memcheck-amd64-linux.so)
==648417==    by 0x48ACBAC: xmalloc (in /usr/lib/x86_64-linux-gnu/libreadline.so.8.1)
==648417==    by 0x4889251: rl_make_bare_keymap (in /usr/lib/x86_64-linux-gnu/libreadline.so.8.1)
==648417==    by 0x4889B6A: rl_generic_bind (in /usr/lib/x86_64-linux-gnu/libreadline.so.8.1)
==648417==    by 0x489475D: rl_bind_keyseq_if_unbound_in_map (in /usr/lib/x86_64-linux-gnu/libreadline.so.8.1)
==648417==    by 0x4894AD2: rl_initialize (in /usr/lib/x86_64-linux-gnu/libreadline.so.8.1)
==648417==    by 0x4894CD4: readline (in /usr/lib/x86_64-linux-gnu/libreadline.so.8.1)
==648417==    by 0x401579: main (main.c:79)
==648417== 
==648417== 8,224 bytes in 2 blocks are still reachable in loss record 78 of 81
==648417==    at 0x4848899: malloc (in /usr/libexec/valgrind/vgpreload_memcheck-amd64-linux.so)
==648417==    by 0x48ACBAC: xmalloc (in /usr/lib/x86_64-linux-gnu/libreadline.so.8.1)
==648417==    by 0x4889251: rl_make_bare_keymap (in /usr/lib/x86_64-linux-gnu/libreadline.so.8.1)
==648417==    by 0x4889B6A: rl_generic_bind (in /usr/lib/x86_64-linux-gnu/libreadline.so.8.1)
==648417==    by 0x489475D: rl_bind_keyseq_if_unbound_in_map (in /usr/lib/x86_64-linux-gnu/libreadline.so.8.1)
==648417==    by 0x4894AE1: rl_initialize (in /usr/lib/x86_64-linux-gnu/libreadline.so.8.1)
==648417==    by 0x4894CD4: readline (in /usr/lib/x86_64-linux-gnu/libreadline.so.8.1)
==648417==    by 0x401579: main (main.c:79)
==648417== 
==648417== 12,336 bytes in 3 blocks are still reachable in loss record 79 of 81
==648417==    at 0x4848899: malloc (in /usr/libexec/valgrind/vgpreload_memcheck-amd64-linux.so)
==648417==    by 0x48ACBAC: xmalloc (in /usr/lib/x86_64-linux-gnu/libreadline.so.8.1)
==648417==    by 0x4889251: rl_make_bare_keymap (in /usr/lib/x86_64-linux-gnu/libreadline.so.8.1)
==648417==    by 0x4889B6A: rl_generic_bind (in /usr/lib/x86_64-linux-gnu/libreadline.so.8.1)
==648417==    by 0x489475D: rl_bind_keyseq_if_unbound_in_map (in /usr/lib/x86_64-linux-gnu/libreadline.so.8.1)
==648417==    by 0x4894914: ??? (in /usr/lib/x86_64-linux-gnu/libreadline.so.8.1)
==648417==    by 0x4894A93: rl_initialize (in /usr/lib/x86_64-linux-gnu/libreadline.so.8.1)
==648417==    by 0x4894CD4: readline (in /usr/lib/x86_64-linux-gnu/libreadline.so.8.1)
==648417==    by 0x401579: main (main.c:79)
==648417== 
==648417== 12,336 bytes in 3 blocks are still reachable in loss record 80 of 81
==648417==    at 0x4848899: malloc (in /usr/libexec/valgrind/vgpreload_memcheck-amd64-linux.so)
==648417==    by 0x48ACBAC: xmalloc (in /usr/lib/x86_64-linux-gnu/libreadline.so.8.1)
==648417==    by 0x4889251: rl_make_bare_keymap (in /usr/lib/x86_64-linux-gnu/libreadline.so.8.1)
==648417==    by 0x4889B6A: rl_generic_bind (in /usr/lib/x86_64-linux-gnu/libreadline.so.8.1)
==648417==    by 0x489475D: rl_bind_keyseq_if_unbound_in_map (in /usr/lib/x86_64-linux-gnu/libreadline.so.8.1)
==648417==    by 0x4894914: ??? (in /usr/lib/x86_64-linux-gnu/libreadline.so.8.1)
==648417==    by 0x4894AB8: rl_initialize (in /usr/lib/x86_64-linux-gnu/libreadline.so.8.1)
==648417==    by 0x4894CD4: readline (in /usr/lib/x86_64-linux-gnu/libreadline.so.8.1)
==648417==    by 0x401579: main (main.c:79)
==648417== 
==648417== 28,784 bytes in 7 blocks are still reachable in loss record 81 of 81
==648417==    at 0x4848899: malloc (in /usr/libexec/valgrind/vgpreload_memcheck-amd64-linux.so)
==648417==    by 0x48ACBAC: xmalloc (in /usr/lib/x86_64-linux-gnu/libreadline.so.8.1)
==648417==    by 0x4889251: rl_make_bare_keymap (in /usr/lib/x86_64-linux-gnu/libreadline.so.8.1)
==648417==    by 0x4889B6A: rl_generic_bind (in /usr/lib/x86_64-linux-gnu/libreadline.so.8.1)
==648417==    by 0x489A99E: rl_parse_and_bind (in /usr/lib/x86_64-linux-gnu/libreadline.so.8.1)
==648417==    by 0x489AB6C: ??? (in /usr/lib/x86_64-linux-gnu/libreadline.so.8.1)
==648417==    by 0x4894A38: rl_initialize (in /usr/lib/x86_64-linux-gnu/libreadline.so.8.1)
==648417==    by 0x4894CD4: readline (in /usr/lib/x86_64-linux-gnu/libreadline.so.8.1)
==648417==    by 0x401579: main (main.c:79)
==648417== 
==648417== LEAK SUMMARY:
==648417==    definitely lost: 0 bytes in 0 blocks
==648417==    indirectly lost: 0 bytes in 0 blocks
==648417==      possibly lost: 0 bytes in 0 blocks
==648417==    still reachable: 217,581 bytes in 517 blocks
==648417==         suppressed: 0 bytes in 0 blocks
==648417== 
==648417== ERROR SUMMARY: 0 errors from 0 contexts (suppressed: 0 from 0)
